/* layer: 00220 */
.active\:align-items-center:active,
.align-items-center,
.any-link\:align-items-center:any-link,
.blank\:align-items-center:blank,
.checked\:align-items-center:checked,
.current\:align-items-center:current,
.default\:align-items-center:default,
.defined\:align-items-center:defined,
.disabled\:align-items-center:disabled,
.drop\:align-items-center:drop,
.empty\:align-items-center:empty,
.enabled\:align-items-center:enabled,
.first-child\:align-items-center:first-child,
.first-of-type\:align-items-center:first-of-type,
.first\:align-items-center:first,
.focus-visible\:align-items-center:focus-visible,
.focus-within\:align-items-center:focus-within,
.focus\:align-items-center:focus,
.fullscreen\:align-items-center:fullscreen,
.future\:align-items-center:future,
.host\:align-items-center:host,
.hover\:align-items-center:hover,
.in-range\:align-items-center:in-range,
.indeterminate\:align-items-center:indeterminate,
.invalid\:align-items-center:invalid,
.last-child\:align-items-center:last-child,
.last-of-type\:align-items-center:last-of-type,
.left\:align-items-center:left,
.link\:align-items-center:link,
.local-link\:align-items-center:local-link,
.only-child\:align-items-center:only-child,
.only-of-type\:align-items-center:only-of-type,
.optional\:align-items-center:optional,
.out-of-range\:align-items-center:out-of-range,
.past\:align-items-center:past,
.placeholder-shown\:align-items-center:placeholder-shown,
.read-only\:align-items-center:read-only,
.read-write\:align-items-center:read-write,
.required\:align-items-center:required,
.right\:align-items-center:right,
.root\:align-items-center:root,
.scope\:align-items-center:scope,
.target-within\:align-items-center:target-within,
.target\:align-items-center:target,
.user-invalid\:align-items-center:user-invalid,
.valid\:align-items-center:valid,
.visited\:align-items-center:visited{align-items: center !important;}
.active\:align-items-end:active,
.align-items-end,
.any-link\:align-items-end:any-link,
.blank\:align-items-end:blank,
.checked\:align-items-end:checked,
.current\:align-items-end:current,
.default\:align-items-end:default,
.defined\:align-items-end:defined,
.disabled\:align-items-end:disabled,
.drop\:align-items-end:drop,
.empty\:align-items-end:empty,
.enabled\:align-items-end:enabled,
.first-child\:align-items-end:first-child,
.first-of-type\:align-items-end:first-of-type,
.first\:align-items-end:first,
.focus-visible\:align-items-end:focus-visible,
.focus-within\:align-items-end:focus-within,
.focus\:align-items-end:focus,
.fullscreen\:align-items-end:fullscreen,
.future\:align-items-end:future,
.host\:align-items-end:host,
.hover\:align-items-end:hover,
.in-range\:align-items-end:in-range,
.indeterminate\:align-items-end:indeterminate,
.invalid\:align-items-end:invalid,
.last-child\:align-items-end:last-child,
.last-of-type\:align-items-end:last-of-type,
.left\:align-items-end:left,
.link\:align-items-end:link,
.local-link\:align-items-end:local-link,
.only-child\:align-items-end:only-child,
.only-of-type\:align-items-end:only-of-type,
.optional\:align-items-end:optional,
.out-of-range\:align-items-end:out-of-range,
.past\:align-items-end:past,
.placeholder-shown\:align-items-end:placeholder-shown,
.read-only\:align-items-end:read-only,
.read-write\:align-items-end:read-write,
.required\:align-items-end:required,
.right\:align-items-end:right,
.root\:align-items-end:root,
.scope\:align-items-end:scope,
.target-within\:align-items-end:target-within,
.target\:align-items-end:target,
.user-invalid\:align-items-end:user-invalid,
.valid\:align-items-end:valid,
.visited\:align-items-end:visited{align-items: end !important;}
.active\:align-items-flex-end:active,
.align-items-flex-end,
.any-link\:align-items-flex-end:any-link,
.blank\:align-items-flex-end:blank,
.checked\:align-items-flex-end:checked,
.current\:align-items-flex-end:current,
.default\:align-items-flex-end:default,
.defined\:align-items-flex-end:defined,
.disabled\:align-items-flex-end:disabled,
.drop\:align-items-flex-end:drop,
.empty\:align-items-flex-end:empty,
.enabled\:align-items-flex-end:enabled,
.first-child\:align-items-flex-end:first-child,
.first-of-type\:align-items-flex-end:first-of-type,
.first\:align-items-flex-end:first,
.focus-visible\:align-items-flex-end:focus-visible,
.focus-within\:align-items-flex-end:focus-within,
.focus\:align-items-flex-end:focus,
.fullscreen\:align-items-flex-end:fullscreen,
.future\:align-items-flex-end:future,
.host\:align-items-flex-end:host,
.hover\:align-items-flex-end:hover,
.in-range\:align-items-flex-end:in-range,
.indeterminate\:align-items-flex-end:indeterminate,
.invalid\:align-items-flex-end:invalid,
.last-child\:align-items-flex-end:last-child,
.last-of-type\:align-items-flex-end:last-of-type,
.left\:align-items-flex-end:left,
.link\:align-items-flex-end:link,
.local-link\:align-items-flex-end:local-link,
.only-child\:align-items-flex-end:only-child,
.only-of-type\:align-items-flex-end:only-of-type,
.optional\:align-items-flex-end:optional,
.out-of-range\:align-items-flex-end:out-of-range,
.past\:align-items-flex-end:past,
.placeholder-shown\:align-items-flex-end:placeholder-shown,
.read-only\:align-items-flex-end:read-only,
.read-write\:align-items-flex-end:read-write,
.required\:align-items-flex-end:required,
.right\:align-items-flex-end:right,
.root\:align-items-flex-end:root,
.scope\:align-items-flex-end:scope,
.target-within\:align-items-flex-end:target-within,
.target\:align-items-flex-end:target,
.user-invalid\:align-items-flex-end:user-invalid,
.valid\:align-items-flex-end:valid,
.visited\:align-items-flex-end:visited{align-items: flex-end !important;}
.active\:align-items-flex-start:active,
.align-items-flex-start,
.any-link\:align-items-flex-start:any-link,
.blank\:align-items-flex-start:blank,
.checked\:align-items-flex-start:checked,
.current\:align-items-flex-start:current,
.default\:align-items-flex-start:default,
.defined\:align-items-flex-start:defined,
.disabled\:align-items-flex-start:disabled,
.drop\:align-items-flex-start:drop,
.empty\:align-items-flex-start:empty,
.enabled\:align-items-flex-start:enabled,
.first-child\:align-items-flex-start:first-child,
.first-of-type\:align-items-flex-start:first-of-type,
.first\:align-items-flex-start:first,
.focus-visible\:align-items-flex-start:focus-visible,
.focus-within\:align-items-flex-start:focus-within,
.focus\:align-items-flex-start:focus,
.fullscreen\:align-items-flex-start:fullscreen,
.future\:align-items-flex-start:future,
.host\:align-items-flex-start:host,
.hover\:align-items-flex-start:hover,
.in-range\:align-items-flex-start:in-range,
.indeterminate\:align-items-flex-start:indeterminate,
.invalid\:align-items-flex-start:invalid,
.last-child\:align-items-flex-start:last-child,
.last-of-type\:align-items-flex-start:last-of-type,
.left\:align-items-flex-start:left,
.link\:align-items-flex-start:link,
.local-link\:align-items-flex-start:local-link,
.only-child\:align-items-flex-start:only-child,
.only-of-type\:align-items-flex-start:only-of-type,
.optional\:align-items-flex-start:optional,
.out-of-range\:align-items-flex-start:out-of-range,
.past\:align-items-flex-start:past,
.placeholder-shown\:align-items-flex-start:placeholder-shown,
.read-only\:align-items-flex-start:read-only,
.read-write\:align-items-flex-start:read-write,
.required\:align-items-flex-start:required,
.right\:align-items-flex-start:right,
.root\:align-items-flex-start:root,
.scope\:align-items-flex-start:scope,
.target-within\:align-items-flex-start:target-within,
.target\:align-items-flex-start:target,
.user-invalid\:align-items-flex-start:user-invalid,
.valid\:align-items-flex-start:valid,
.visited\:align-items-flex-start:visited{align-items: flex-start !important;}
.active\:align-items-inherit:active,
.align-items-inherit,
.any-link\:align-items-inherit:any-link,
.blank\:align-items-inherit:blank,
.checked\:align-items-inherit:checked,
.current\:align-items-inherit:current,
.default\:align-items-inherit:default,
.defined\:align-items-inherit:defined,
.disabled\:align-items-inherit:disabled,
.drop\:align-items-inherit:drop,
.empty\:align-items-inherit:empty,
.enabled\:align-items-inherit:enabled,
.first-child\:align-items-inherit:first-child,
.first-of-type\:align-items-inherit:first-of-type,
.first\:align-items-inherit:first,
.focus-visible\:align-items-inherit:focus-visible,
.focus-within\:align-items-inherit:focus-within,
.focus\:align-items-inherit:focus,
.fullscreen\:align-items-inherit:fullscreen,
.future\:align-items-inherit:future,
.host\:align-items-inherit:host,
.hover\:align-items-inherit:hover,
.in-range\:align-items-inherit:in-range,
.indeterminate\:align-items-inherit:indeterminate,
.invalid\:align-items-inherit:invalid,
.last-child\:align-items-inherit:last-child,
.last-of-type\:align-items-inherit:last-of-type,
.left\:align-items-inherit:left,
.link\:align-items-inherit:link,
.local-link\:align-items-inherit:local-link,
.only-child\:align-items-inherit:only-child,
.only-of-type\:align-items-inherit:only-of-type,
.optional\:align-items-inherit:optional,
.out-of-range\:align-items-inherit:out-of-range,
.past\:align-items-inherit:past,
.placeholder-shown\:align-items-inherit:placeholder-shown,
.read-only\:align-items-inherit:read-only,
.read-write\:align-items-inherit:read-write,
.required\:align-items-inherit:required,
.right\:align-items-inherit:right,
.root\:align-items-inherit:root,
.scope\:align-items-inherit:scope,
.target-within\:align-items-inherit:target-within,
.target\:align-items-inherit:target,
.user-invalid\:align-items-inherit:user-invalid,
.valid\:align-items-inherit:valid,
.visited\:align-items-inherit:visited{align-items: inherit !important;}
.active\:align-items-initial:active,
.align-items-initial,
.any-link\:align-items-initial:any-link,
.blank\:align-items-initial:blank,
.checked\:align-items-initial:checked,
.current\:align-items-initial:current,
.default\:align-items-initial:default,
.defined\:align-items-initial:defined,
.disabled\:align-items-initial:disabled,
.drop\:align-items-initial:drop,
.empty\:align-items-initial:empty,
.enabled\:align-items-initial:enabled,
.first-child\:align-items-initial:first-child,
.first-of-type\:align-items-initial:first-of-type,
.first\:align-items-initial:first,
.focus-visible\:align-items-initial:focus-visible,
.focus-within\:align-items-initial:focus-within,
.focus\:align-items-initial:focus,
.fullscreen\:align-items-initial:fullscreen,
.future\:align-items-initial:future,
.host\:align-items-initial:host,
.hover\:align-items-initial:hover,
.in-range\:align-items-initial:in-range,
.indeterminate\:align-items-initial:indeterminate,
.invalid\:align-items-initial:invalid,
.last-child\:align-items-initial:last-child,
.last-of-type\:align-items-initial:last-of-type,
.left\:align-items-initial:left,
.link\:align-items-initial:link,
.local-link\:align-items-initial:local-link,
.only-child\:align-items-initial:only-child,
.only-of-type\:align-items-initial:only-of-type,
.optional\:align-items-initial:optional,
.out-of-range\:align-items-initial:out-of-range,
.past\:align-items-initial:past,
.placeholder-shown\:align-items-initial:placeholder-shown,
.read-only\:align-items-initial:read-only,
.read-write\:align-items-initial:read-write,
.required\:align-items-initial:required,
.right\:align-items-initial:right,
.root\:align-items-initial:root,
.scope\:align-items-initial:scope,
.target-within\:align-items-initial:target-within,
.target\:align-items-initial:target,
.user-invalid\:align-items-initial:user-invalid,
.valid\:align-items-initial:valid,
.visited\:align-items-initial:visited{align-items: initial !important;}
.active\:align-items-normal:active,
.align-items-normal,
.any-link\:align-items-normal:any-link,
.blank\:align-items-normal:blank,
.checked\:align-items-normal:checked,
.current\:align-items-normal:current,
.default\:align-items-normal:default,
.defined\:align-items-normal:defined,
.disabled\:align-items-normal:disabled,
.drop\:align-items-normal:drop,
.empty\:align-items-normal:empty,
.enabled\:align-items-normal:enabled,
.first-child\:align-items-normal:first-child,
.first-of-type\:align-items-normal:first-of-type,
.first\:align-items-normal:first,
.focus-visible\:align-items-normal:focus-visible,
.focus-within\:align-items-normal:focus-within,
.focus\:align-items-normal:focus,
.fullscreen\:align-items-normal:fullscreen,
.future\:align-items-normal:future,
.host\:align-items-normal:host,
.hover\:align-items-normal:hover,
.in-range\:align-items-normal:in-range,
.indeterminate\:align-items-normal:indeterminate,
.invalid\:align-items-normal:invalid,
.last-child\:align-items-normal:last-child,
.last-of-type\:align-items-normal:last-of-type,
.left\:align-items-normal:left,
.link\:align-items-normal:link,
.local-link\:align-items-normal:local-link,
.only-child\:align-items-normal:only-child,
.only-of-type\:align-items-normal:only-of-type,
.optional\:align-items-normal:optional,
.out-of-range\:align-items-normal:out-of-range,
.past\:align-items-normal:past,
.placeholder-shown\:align-items-normal:placeholder-shown,
.read-only\:align-items-normal:read-only,
.read-write\:align-items-normal:read-write,
.required\:align-items-normal:required,
.right\:align-items-normal:right,
.root\:align-items-normal:root,
.scope\:align-items-normal:scope,
.target-within\:align-items-normal:target-within,
.target\:align-items-normal:target,
.user-invalid\:align-items-normal:user-invalid,
.valid\:align-items-normal:valid,
.visited\:align-items-normal:visited{align-items: normal !important;}
.active\:align-items-start:active,
.align-items-start,
.any-link\:align-items-start:any-link,
.blank\:align-items-start:blank,
.checked\:align-items-start:checked,
.current\:align-items-start:current,
.default\:align-items-start:default,
.defined\:align-items-start:defined,
.disabled\:align-items-start:disabled,
.drop\:align-items-start:drop,
.empty\:align-items-start:empty,
.enabled\:align-items-start:enabled,
.first-child\:align-items-start:first-child,
.first-of-type\:align-items-start:first-of-type,
.first\:align-items-start:first,
.focus-visible\:align-items-start:focus-visible,
.focus-within\:align-items-start:focus-within,
.focus\:align-items-start:focus,
.fullscreen\:align-items-start:fullscreen,
.future\:align-items-start:future,
.host\:align-items-start:host,
.hover\:align-items-start:hover,
.in-range\:align-items-start:in-range,
.indeterminate\:align-items-start:indeterminate,
.invalid\:align-items-start:invalid,
.last-child\:align-items-start:last-child,
.last-of-type\:align-items-start:last-of-type,
.left\:align-items-start:left,
.link\:align-items-start:link,
.local-link\:align-items-start:local-link,
.only-child\:align-items-start:only-child,
.only-of-type\:align-items-start:only-of-type,
.optional\:align-items-start:optional,
.out-of-range\:align-items-start:out-of-range,
.past\:align-items-start:past,
.placeholder-shown\:align-items-start:placeholder-shown,
.read-only\:align-items-start:read-only,
.read-write\:align-items-start:read-write,
.required\:align-items-start:required,
.right\:align-items-start:right,
.root\:align-items-start:root,
.scope\:align-items-start:scope,
.target-within\:align-items-start:target-within,
.target\:align-items-start:target,
.user-invalid\:align-items-start:user-invalid,
.valid\:align-items-start:valid,
.visited\:align-items-start:visited{align-items: start !important;}
.active\:align-items-stretch:active,
.align-items-stretch,
.any-link\:align-items-stretch:any-link,
.blank\:align-items-stretch:blank,
.checked\:align-items-stretch:checked,
.current\:align-items-stretch:current,
.default\:align-items-stretch:default,
.defined\:align-items-stretch:defined,
.disabled\:align-items-stretch:disabled,
.drop\:align-items-stretch:drop,
.empty\:align-items-stretch:empty,
.enabled\:align-items-stretch:enabled,
.first-child\:align-items-stretch:first-child,
.first-of-type\:align-items-stretch:first-of-type,
.first\:align-items-stretch:first,
.focus-visible\:align-items-stretch:focus-visible,
.focus-within\:align-items-stretch:focus-within,
.focus\:align-items-stretch:focus,
.fullscreen\:align-items-stretch:fullscreen,
.future\:align-items-stretch:future,
.host\:align-items-stretch:host,
.hover\:align-items-stretch:hover,
.in-range\:align-items-stretch:in-range,
.indeterminate\:align-items-stretch:indeterminate,
.invalid\:align-items-stretch:invalid,
.last-child\:align-items-stretch:last-child,
.last-of-type\:align-items-stretch:last-of-type,
.left\:align-items-stretch:left,
.link\:align-items-stretch:link,
.local-link\:align-items-stretch:local-link,
.only-child\:align-items-stretch:only-child,
.only-of-type\:align-items-stretch:only-of-type,
.optional\:align-items-stretch:optional,
.out-of-range\:align-items-stretch:out-of-range,
.past\:align-items-stretch:past,
.placeholder-shown\:align-items-stretch:placeholder-shown,
.read-only\:align-items-stretch:read-only,
.read-write\:align-items-stretch:read-write,
.required\:align-items-stretch:required,
.right\:align-items-stretch:right,
.root\:align-items-stretch:root,
.scope\:align-items-stretch:scope,
.target-within\:align-items-stretch:target-within,
.target\:align-items-stretch:target,
.user-invalid\:align-items-stretch:user-invalid,
.valid\:align-items-stretch:valid,
.visited\:align-items-stretch:visited{align-items: stretch !important;}
.active\:align-items-unset:active,
.align-items-unset,
.any-link\:align-items-unset:any-link,
.blank\:align-items-unset:blank,
.checked\:align-items-unset:checked,
.current\:align-items-unset:current,
.default\:align-items-unset:default,
.defined\:align-items-unset:defined,
.disabled\:align-items-unset:disabled,
.drop\:align-items-unset:drop,
.empty\:align-items-unset:empty,
.enabled\:align-items-unset:enabled,
.first-child\:align-items-unset:first-child,
.first-of-type\:align-items-unset:first-of-type,
.first\:align-items-unset:first,
.focus-visible\:align-items-unset:focus-visible,
.focus-within\:align-items-unset:focus-within,
.focus\:align-items-unset:focus,
.fullscreen\:align-items-unset:fullscreen,
.future\:align-items-unset:future,
.host\:align-items-unset:host,
.hover\:align-items-unset:hover,
.in-range\:align-items-unset:in-range,
.indeterminate\:align-items-unset:indeterminate,
.invalid\:align-items-unset:invalid,
.last-child\:align-items-unset:last-child,
.last-of-type\:align-items-unset:last-of-type,
.left\:align-items-unset:left,
.link\:align-items-unset:link,
.local-link\:align-items-unset:local-link,
.only-child\:align-items-unset:only-child,
.only-of-type\:align-items-unset:only-of-type,
.optional\:align-items-unset:optional,
.out-of-range\:align-items-unset:out-of-range,
.past\:align-items-unset:past,
.placeholder-shown\:align-items-unset:placeholder-shown,
.read-only\:align-items-unset:read-only,
.read-write\:align-items-unset:read-write,
.required\:align-items-unset:required,
.right\:align-items-unset:right,
.root\:align-items-unset:root,
.scope\:align-items-unset:scope,
.target-within\:align-items-unset:target-within,
.target\:align-items-unset:target,
.user-invalid\:align-items-unset:user-invalid,
.valid\:align-items-unset:valid,
.visited\:align-items-unset:visited{align-items: unset !important;}
@media (min-width: 1024px){
.lg\@align-items-center{align-items: center !important;}
.lg\@align-items-end{align-items: end !important;}
.lg\@align-items-flex-end{align-items: flex-end !important;}
.lg\@align-items-flex-start{align-items: flex-start !important;}
.lg\@align-items-inherit{align-items: inherit !important;}
.lg\@align-items-initial{align-items: initial !important;}
.lg\@align-items-normal{align-items: normal !important;}
.lg\@align-items-start{align-items: start !important;}
.lg\@align-items-stretch{align-items: stretch !important;}
.lg\@align-items-unset{align-items: unset !important;}
}
@media (min-width: 1280px){
.xl\@align-items-center{align-items: center !important;}
.xl\@align-items-end{align-items: end !important;}
.xl\@align-items-flex-end{align-items: flex-end !important;}
.xl\@align-items-flex-start{align-items: flex-start !important;}
.xl\@align-items-inherit{align-items: inherit !important;}
.xl\@align-items-initial{align-items: initial !important;}
.xl\@align-items-normal{align-items: normal !important;}
.xl\@align-items-start{align-items: start !important;}
.xl\@align-items-stretch{align-items: stretch !important;}
.xl\@align-items-unset{align-items: unset !important;}
}
@media (min-width: 640px){
.sm\@align-items-center{align-items: center !important;}
.sm\@align-items-end{align-items: end !important;}
.sm\@align-items-flex-end{align-items: flex-end !important;}
.sm\@align-items-flex-start{align-items: flex-start !important;}
.sm\@align-items-inherit{align-items: inherit !important;}
.sm\@align-items-initial{align-items: initial !important;}
.sm\@align-items-normal{align-items: normal !important;}
.sm\@align-items-start{align-items: start !important;}
.sm\@align-items-stretch{align-items: stretch !important;}
.sm\@align-items-unset{align-items: unset !important;}
}
@media (min-width: 768px){
.md\@align-items-center{align-items: center !important;}
.md\@align-items-end{align-items: end !important;}
.md\@align-items-flex-end{align-items: flex-end !important;}
.md\@align-items-flex-start{align-items: flex-start !important;}
.md\@align-items-inherit{align-items: inherit !important;}
.md\@align-items-initial{align-items: initial !important;}
.md\@align-items-normal{align-items: normal !important;}
.md\@align-items-start{align-items: start !important;}
.md\@align-items-stretch{align-items: stretch !important;}
.md\@align-items-unset{align-items: unset !important;}
}
@supports (display: grid){
.supportGrid\@align-items-center{align-items: center !important;}
.supportGrid\@align-items-end{align-items: end !important;}
.supportGrid\@align-items-flex-end{align-items: flex-end !important;}
.supportGrid\@align-items-flex-start{align-items: flex-start !important;}
.supportGrid\@align-items-inherit{align-items: inherit !important;}
.supportGrid\@align-items-initial{align-items: initial !important;}
.supportGrid\@align-items-normal{align-items: normal !important;}
.supportGrid\@align-items-start{align-items: start !important;}
.supportGrid\@align-items-stretch{align-items: stretch !important;}
.supportGrid\@align-items-unset{align-items: unset !important;}
}