/* layer: 00340 */
.active\:cursor-alias:active,
.any-link\:cursor-alias:any-link,
.blank\:cursor-alias:blank,
.checked\:cursor-alias:checked,
.current\:cursor-alias:current,
.cursor-alias,
.default\:cursor-alias:default,
.defined\:cursor-alias:defined,
.disabled\:cursor-alias:disabled,
.drop\:cursor-alias:drop,
.empty\:cursor-alias:empty,
.enabled\:cursor-alias:enabled,
.first-child\:cursor-alias:first-child,
.first-of-type\:cursor-alias:first-of-type,
.first\:cursor-alias:first,
.focus-visible\:cursor-alias:focus-visible,
.focus-within\:cursor-alias:focus-within,
.focus\:cursor-alias:focus,
.fullscreen\:cursor-alias:fullscreen,
.future\:cursor-alias:future,
.host\:cursor-alias:host,
.hover\:cursor-alias:hover,
.in-range\:cursor-alias:in-range,
.indeterminate\:cursor-alias:indeterminate,
.invalid\:cursor-alias:invalid,
.last-child\:cursor-alias:last-child,
.last-of-type\:cursor-alias:last-of-type,
.left\:cursor-alias:left,
.link\:cursor-alias:link,
.local-link\:cursor-alias:local-link,
.only-child\:cursor-alias:only-child,
.only-of-type\:cursor-alias:only-of-type,
.optional\:cursor-alias:optional,
.out-of-range\:cursor-alias:out-of-range,
.past\:cursor-alias:past,
.placeholder-shown\:cursor-alias:placeholder-shown,
.read-only\:cursor-alias:read-only,
.read-write\:cursor-alias:read-write,
.required\:cursor-alias:required,
.right\:cursor-alias:right,
.root\:cursor-alias:root,
.scope\:cursor-alias:scope,
.target-within\:cursor-alias:target-within,
.target\:cursor-alias:target,
.user-invalid\:cursor-alias:user-invalid,
.valid\:cursor-alias:valid,
.visited\:cursor-alias:visited{cursor: alias !important;}
.active\:cursor-all-scroll:active,
.any-link\:cursor-all-scroll:any-link,
.blank\:cursor-all-scroll:blank,
.checked\:cursor-all-scroll:checked,
.current\:cursor-all-scroll:current,
.cursor-all-scroll,
.default\:cursor-all-scroll:default,
.defined\:cursor-all-scroll:defined,
.disabled\:cursor-all-scroll:disabled,
.drop\:cursor-all-scroll:drop,
.empty\:cursor-all-scroll:empty,
.enabled\:cursor-all-scroll:enabled,
.first-child\:cursor-all-scroll:first-child,
.first-of-type\:cursor-all-scroll:first-of-type,
.first\:cursor-all-scroll:first,
.focus-visible\:cursor-all-scroll:focus-visible,
.focus-within\:cursor-all-scroll:focus-within,
.focus\:cursor-all-scroll:focus,
.fullscreen\:cursor-all-scroll:fullscreen,
.future\:cursor-all-scroll:future,
.host\:cursor-all-scroll:host,
.hover\:cursor-all-scroll:hover,
.in-range\:cursor-all-scroll:in-range,
.indeterminate\:cursor-all-scroll:indeterminate,
.invalid\:cursor-all-scroll:invalid,
.last-child\:cursor-all-scroll:last-child,
.last-of-type\:cursor-all-scroll:last-of-type,
.left\:cursor-all-scroll:left,
.link\:cursor-all-scroll:link,
.local-link\:cursor-all-scroll:local-link,
.only-child\:cursor-all-scroll:only-child,
.only-of-type\:cursor-all-scroll:only-of-type,
.optional\:cursor-all-scroll:optional,
.out-of-range\:cursor-all-scroll:out-of-range,
.past\:cursor-all-scroll:past,
.placeholder-shown\:cursor-all-scroll:placeholder-shown,
.read-only\:cursor-all-scroll:read-only,
.read-write\:cursor-all-scroll:read-write,
.required\:cursor-all-scroll:required,
.right\:cursor-all-scroll:right,
.root\:cursor-all-scroll:root,
.scope\:cursor-all-scroll:scope,
.target-within\:cursor-all-scroll:target-within,
.target\:cursor-all-scroll:target,
.user-invalid\:cursor-all-scroll:user-invalid,
.valid\:cursor-all-scroll:valid,
.visited\:cursor-all-scroll:visited{cursor: all-scroll !important;}
.active\:cursor-auto:active,
.any-link\:cursor-auto:any-link,
.blank\:cursor-auto:blank,
.checked\:cursor-auto:checked,
.current\:cursor-auto:current,
.cursor-auto,
.default\:cursor-auto:default,
.defined\:cursor-auto:defined,
.disabled\:cursor-auto:disabled,
.drop\:cursor-auto:drop,
.empty\:cursor-auto:empty,
.enabled\:cursor-auto:enabled,
.first-child\:cursor-auto:first-child,
.first-of-type\:cursor-auto:first-of-type,
.first\:cursor-auto:first,
.focus-visible\:cursor-auto:focus-visible,
.focus-within\:cursor-auto:focus-within,
.focus\:cursor-auto:focus,
.fullscreen\:cursor-auto:fullscreen,
.future\:cursor-auto:future,
.host\:cursor-auto:host,
.hover\:cursor-auto:hover,
.in-range\:cursor-auto:in-range,
.indeterminate\:cursor-auto:indeterminate,
.invalid\:cursor-auto:invalid,
.last-child\:cursor-auto:last-child,
.last-of-type\:cursor-auto:last-of-type,
.left\:cursor-auto:left,
.link\:cursor-auto:link,
.local-link\:cursor-auto:local-link,
.only-child\:cursor-auto:only-child,
.only-of-type\:cursor-auto:only-of-type,
.optional\:cursor-auto:optional,
.out-of-range\:cursor-auto:out-of-range,
.past\:cursor-auto:past,
.placeholder-shown\:cursor-auto:placeholder-shown,
.read-only\:cursor-auto:read-only,
.read-write\:cursor-auto:read-write,
.required\:cursor-auto:required,
.right\:cursor-auto:right,
.root\:cursor-auto:root,
.scope\:cursor-auto:scope,
.target-within\:cursor-auto:target-within,
.target\:cursor-auto:target,
.user-invalid\:cursor-auto:user-invalid,
.valid\:cursor-auto:valid,
.visited\:cursor-auto:visited{cursor: auto !important;}
.active\:cursor-cell:active,
.any-link\:cursor-cell:any-link,
.blank\:cursor-cell:blank,
.checked\:cursor-cell:checked,
.current\:cursor-cell:current,
.cursor-cell,
.default\:cursor-cell:default,
.defined\:cursor-cell:defined,
.disabled\:cursor-cell:disabled,
.drop\:cursor-cell:drop,
.empty\:cursor-cell:empty,
.enabled\:cursor-cell:enabled,
.first-child\:cursor-cell:first-child,
.first-of-type\:cursor-cell:first-of-type,
.first\:cursor-cell:first,
.focus-visible\:cursor-cell:focus-visible,
.focus-within\:cursor-cell:focus-within,
.focus\:cursor-cell:focus,
.fullscreen\:cursor-cell:fullscreen,
.future\:cursor-cell:future,
.host\:cursor-cell:host,
.hover\:cursor-cell:hover,
.in-range\:cursor-cell:in-range,
.indeterminate\:cursor-cell:indeterminate,
.invalid\:cursor-cell:invalid,
.last-child\:cursor-cell:last-child,
.last-of-type\:cursor-cell:last-of-type,
.left\:cursor-cell:left,
.link\:cursor-cell:link,
.local-link\:cursor-cell:local-link,
.only-child\:cursor-cell:only-child,
.only-of-type\:cursor-cell:only-of-type,
.optional\:cursor-cell:optional,
.out-of-range\:cursor-cell:out-of-range,
.past\:cursor-cell:past,
.placeholder-shown\:cursor-cell:placeholder-shown,
.read-only\:cursor-cell:read-only,
.read-write\:cursor-cell:read-write,
.required\:cursor-cell:required,
.right\:cursor-cell:right,
.root\:cursor-cell:root,
.scope\:cursor-cell:scope,
.target-within\:cursor-cell:target-within,
.target\:cursor-cell:target,
.user-invalid\:cursor-cell:user-invalid,
.valid\:cursor-cell:valid,
.visited\:cursor-cell:visited{cursor: cell !important;}
.active\:cursor-col-resize:active,
.any-link\:cursor-col-resize:any-link,
.blank\:cursor-col-resize:blank,
.checked\:cursor-col-resize:checked,
.current\:cursor-col-resize:current,
.cursor-col-resize,
.default\:cursor-col-resize:default,
.defined\:cursor-col-resize:defined,
.disabled\:cursor-col-resize:disabled,
.drop\:cursor-col-resize:drop,
.empty\:cursor-col-resize:empty,
.enabled\:cursor-col-resize:enabled,
.first-child\:cursor-col-resize:first-child,
.first-of-type\:cursor-col-resize:first-of-type,
.first\:cursor-col-resize:first,
.focus-visible\:cursor-col-resize:focus-visible,
.focus-within\:cursor-col-resize:focus-within,
.focus\:cursor-col-resize:focus,
.fullscreen\:cursor-col-resize:fullscreen,
.future\:cursor-col-resize:future,
.host\:cursor-col-resize:host,
.hover\:cursor-col-resize:hover,
.in-range\:cursor-col-resize:in-range,
.indeterminate\:cursor-col-resize:indeterminate,
.invalid\:cursor-col-resize:invalid,
.last-child\:cursor-col-resize:last-child,
.last-of-type\:cursor-col-resize:last-of-type,
.left\:cursor-col-resize:left,
.link\:cursor-col-resize:link,
.local-link\:cursor-col-resize:local-link,
.only-child\:cursor-col-resize:only-child,
.only-of-type\:cursor-col-resize:only-of-type,
.optional\:cursor-col-resize:optional,
.out-of-range\:cursor-col-resize:out-of-range,
.past\:cursor-col-resize:past,
.placeholder-shown\:cursor-col-resize:placeholder-shown,
.read-only\:cursor-col-resize:read-only,
.read-write\:cursor-col-resize:read-write,
.required\:cursor-col-resize:required,
.right\:cursor-col-resize:right,
.root\:cursor-col-resize:root,
.scope\:cursor-col-resize:scope,
.target-within\:cursor-col-resize:target-within,
.target\:cursor-col-resize:target,
.user-invalid\:cursor-col-resize:user-invalid,
.valid\:cursor-col-resize:valid,
.visited\:cursor-col-resize:visited{cursor: col-resize !important;}
.active\:cursor-context-menu:active,
.any-link\:cursor-context-menu:any-link,
.blank\:cursor-context-menu:blank,
.checked\:cursor-context-menu:checked,
.current\:cursor-context-menu:current,
.cursor-context-menu,
.default\:cursor-context-menu:default,
.defined\:cursor-context-menu:defined,
.disabled\:cursor-context-menu:disabled,
.drop\:cursor-context-menu:drop,
.empty\:cursor-context-menu:empty,
.enabled\:cursor-context-menu:enabled,
.first-child\:cursor-context-menu:first-child,
.first-of-type\:cursor-context-menu:first-of-type,
.first\:cursor-context-menu:first,
.focus-visible\:cursor-context-menu:focus-visible,
.focus-within\:cursor-context-menu:focus-within,
.focus\:cursor-context-menu:focus,
.fullscreen\:cursor-context-menu:fullscreen,
.future\:cursor-context-menu:future,
.host\:cursor-context-menu:host,
.hover\:cursor-context-menu:hover,
.in-range\:cursor-context-menu:in-range,
.indeterminate\:cursor-context-menu:indeterminate,
.invalid\:cursor-context-menu:invalid,
.last-child\:cursor-context-menu:last-child,
.last-of-type\:cursor-context-menu:last-of-type,
.left\:cursor-context-menu:left,
.link\:cursor-context-menu:link,
.local-link\:cursor-context-menu:local-link,
.only-child\:cursor-context-menu:only-child,
.only-of-type\:cursor-context-menu:only-of-type,
.optional\:cursor-context-menu:optional,
.out-of-range\:cursor-context-menu:out-of-range,
.past\:cursor-context-menu:past,
.placeholder-shown\:cursor-context-menu:placeholder-shown,
.read-only\:cursor-context-menu:read-only,
.read-write\:cursor-context-menu:read-write,
.required\:cursor-context-menu:required,
.right\:cursor-context-menu:right,
.root\:cursor-context-menu:root,
.scope\:cursor-context-menu:scope,
.target-within\:cursor-context-menu:target-within,
.target\:cursor-context-menu:target,
.user-invalid\:cursor-context-menu:user-invalid,
.valid\:cursor-context-menu:valid,
.visited\:cursor-context-menu:visited{cursor: context-menu !important;}
.active\:cursor-copy:active,
.any-link\:cursor-copy:any-link,
.blank\:cursor-copy:blank,
.checked\:cursor-copy:checked,
.current\:cursor-copy:current,
.cursor-copy,
.default\:cursor-copy:default,
.defined\:cursor-copy:defined,
.disabled\:cursor-copy:disabled,
.drop\:cursor-copy:drop,
.empty\:cursor-copy:empty,
.enabled\:cursor-copy:enabled,
.first-child\:cursor-copy:first-child,
.first-of-type\:cursor-copy:first-of-type,
.first\:cursor-copy:first,
.focus-visible\:cursor-copy:focus-visible,
.focus-within\:cursor-copy:focus-within,
.focus\:cursor-copy:focus,
.fullscreen\:cursor-copy:fullscreen,
.future\:cursor-copy:future,
.host\:cursor-copy:host,
.hover\:cursor-copy:hover,
.in-range\:cursor-copy:in-range,
.indeterminate\:cursor-copy:indeterminate,
.invalid\:cursor-copy:invalid,
.last-child\:cursor-copy:last-child,
.last-of-type\:cursor-copy:last-of-type,
.left\:cursor-copy:left,
.link\:cursor-copy:link,
.local-link\:cursor-copy:local-link,
.only-child\:cursor-copy:only-child,
.only-of-type\:cursor-copy:only-of-type,
.optional\:cursor-copy:optional,
.out-of-range\:cursor-copy:out-of-range,
.past\:cursor-copy:past,
.placeholder-shown\:cursor-copy:placeholder-shown,
.read-only\:cursor-copy:read-only,
.read-write\:cursor-copy:read-write,
.required\:cursor-copy:required,
.right\:cursor-copy:right,
.root\:cursor-copy:root,
.scope\:cursor-copy:scope,
.target-within\:cursor-copy:target-within,
.target\:cursor-copy:target,
.user-invalid\:cursor-copy:user-invalid,
.valid\:cursor-copy:valid,
.visited\:cursor-copy:visited{cursor: copy !important;}
.active\:cursor-crosshair:active,
.any-link\:cursor-crosshair:any-link,
.blank\:cursor-crosshair:blank,
.checked\:cursor-crosshair:checked,
.current\:cursor-crosshair:current,
.cursor-crosshair,
.default\:cursor-crosshair:default,
.defined\:cursor-crosshair:defined,
.disabled\:cursor-crosshair:disabled,
.drop\:cursor-crosshair:drop,
.empty\:cursor-crosshair:empty,
.enabled\:cursor-crosshair:enabled,
.first-child\:cursor-crosshair:first-child,
.first-of-type\:cursor-crosshair:first-of-type,
.first\:cursor-crosshair:first,
.focus-visible\:cursor-crosshair:focus-visible,
.focus-within\:cursor-crosshair:focus-within,
.focus\:cursor-crosshair:focus,
.fullscreen\:cursor-crosshair:fullscreen,
.future\:cursor-crosshair:future,
.host\:cursor-crosshair:host,
.hover\:cursor-crosshair:hover,
.in-range\:cursor-crosshair:in-range,
.indeterminate\:cursor-crosshair:indeterminate,
.invalid\:cursor-crosshair:invalid,
.last-child\:cursor-crosshair:last-child,
.last-of-type\:cursor-crosshair:last-of-type,
.left\:cursor-crosshair:left,
.link\:cursor-crosshair:link,
.local-link\:cursor-crosshair:local-link,
.only-child\:cursor-crosshair:only-child,
.only-of-type\:cursor-crosshair:only-of-type,
.optional\:cursor-crosshair:optional,
.out-of-range\:cursor-crosshair:out-of-range,
.past\:cursor-crosshair:past,
.placeholder-shown\:cursor-crosshair:placeholder-shown,
.read-only\:cursor-crosshair:read-only,
.read-write\:cursor-crosshair:read-write,
.required\:cursor-crosshair:required,
.right\:cursor-crosshair:right,
.root\:cursor-crosshair:root,
.scope\:cursor-crosshair:scope,
.target-within\:cursor-crosshair:target-within,
.target\:cursor-crosshair:target,
.user-invalid\:cursor-crosshair:user-invalid,
.valid\:cursor-crosshair:valid,
.visited\:cursor-crosshair:visited{cursor: crosshair !important;}
.active\:cursor-default:active,
.any-link\:cursor-default:any-link,
.blank\:cursor-default:blank,
.checked\:cursor-default:checked,
.current\:cursor-default:current,
.cursor-default,
.default\:cursor-default:default,
.defined\:cursor-default:defined,
.disabled\:cursor-default:disabled,
.drop\:cursor-default:drop,
.empty\:cursor-default:empty,
.enabled\:cursor-default:enabled,
.first-child\:cursor-default:first-child,
.first-of-type\:cursor-default:first-of-type,
.first\:cursor-default:first,
.focus-visible\:cursor-default:focus-visible,
.focus-within\:cursor-default:focus-within,
.focus\:cursor-default:focus,
.fullscreen\:cursor-default:fullscreen,
.future\:cursor-default:future,
.host\:cursor-default:host,
.hover\:cursor-default:hover,
.in-range\:cursor-default:in-range,
.indeterminate\:cursor-default:indeterminate,
.invalid\:cursor-default:invalid,
.last-child\:cursor-default:last-child,
.last-of-type\:cursor-default:last-of-type,
.left\:cursor-default:left,
.link\:cursor-default:link,
.local-link\:cursor-default:local-link,
.only-child\:cursor-default:only-child,
.only-of-type\:cursor-default:only-of-type,
.optional\:cursor-default:optional,
.out-of-range\:cursor-default:out-of-range,
.past\:cursor-default:past,
.placeholder-shown\:cursor-default:placeholder-shown,
.read-only\:cursor-default:read-only,
.read-write\:cursor-default:read-write,
.required\:cursor-default:required,
.right\:cursor-default:right,
.root\:cursor-default:root,
.scope\:cursor-default:scope,
.target-within\:cursor-default:target-within,
.target\:cursor-default:target,
.user-invalid\:cursor-default:user-invalid,
.valid\:cursor-default:valid,
.visited\:cursor-default:visited{cursor: default !important;}
.active\:cursor-e-resize:active,
.any-link\:cursor-e-resize:any-link,
.blank\:cursor-e-resize:blank,
.checked\:cursor-e-resize:checked,
.current\:cursor-e-resize:current,
.cursor-e-resize,
.default\:cursor-e-resize:default,
.defined\:cursor-e-resize:defined,
.disabled\:cursor-e-resize:disabled,
.drop\:cursor-e-resize:drop,
.empty\:cursor-e-resize:empty,
.enabled\:cursor-e-resize:enabled,
.first-child\:cursor-e-resize:first-child,
.first-of-type\:cursor-e-resize:first-of-type,
.first\:cursor-e-resize:first,
.focus-visible\:cursor-e-resize:focus-visible,
.focus-within\:cursor-e-resize:focus-within,
.focus\:cursor-e-resize:focus,
.fullscreen\:cursor-e-resize:fullscreen,
.future\:cursor-e-resize:future,
.host\:cursor-e-resize:host,
.hover\:cursor-e-resize:hover,
.in-range\:cursor-e-resize:in-range,
.indeterminate\:cursor-e-resize:indeterminate,
.invalid\:cursor-e-resize:invalid,
.last-child\:cursor-e-resize:last-child,
.last-of-type\:cursor-e-resize:last-of-type,
.left\:cursor-e-resize:left,
.link\:cursor-e-resize:link,
.local-link\:cursor-e-resize:local-link,
.only-child\:cursor-e-resize:only-child,
.only-of-type\:cursor-e-resize:only-of-type,
.optional\:cursor-e-resize:optional,
.out-of-range\:cursor-e-resize:out-of-range,
.past\:cursor-e-resize:past,
.placeholder-shown\:cursor-e-resize:placeholder-shown,
.read-only\:cursor-e-resize:read-only,
.read-write\:cursor-e-resize:read-write,
.required\:cursor-e-resize:required,
.right\:cursor-e-resize:right,
.root\:cursor-e-resize:root,
.scope\:cursor-e-resize:scope,
.target-within\:cursor-e-resize:target-within,
.target\:cursor-e-resize:target,
.user-invalid\:cursor-e-resize:user-invalid,
.valid\:cursor-e-resize:valid,
.visited\:cursor-e-resize:visited{cursor: e-resize !important;}
.active\:cursor-ew-resize:active,
.any-link\:cursor-ew-resize:any-link,
.blank\:cursor-ew-resize:blank,
.checked\:cursor-ew-resize:checked,
.current\:cursor-ew-resize:current,
.cursor-ew-resize,
.default\:cursor-ew-resize:default,
.defined\:cursor-ew-resize:defined,
.disabled\:cursor-ew-resize:disabled,
.drop\:cursor-ew-resize:drop,
.empty\:cursor-ew-resize:empty,
.enabled\:cursor-ew-resize:enabled,
.first-child\:cursor-ew-resize:first-child,
.first-of-type\:cursor-ew-resize:first-of-type,
.first\:cursor-ew-resize:first,
.focus-visible\:cursor-ew-resize:focus-visible,
.focus-within\:cursor-ew-resize:focus-within,
.focus\:cursor-ew-resize:focus,
.fullscreen\:cursor-ew-resize:fullscreen,
.future\:cursor-ew-resize:future,
.host\:cursor-ew-resize:host,
.hover\:cursor-ew-resize:hover,
.in-range\:cursor-ew-resize:in-range,
.indeterminate\:cursor-ew-resize:indeterminate,
.invalid\:cursor-ew-resize:invalid,
.last-child\:cursor-ew-resize:last-child,
.last-of-type\:cursor-ew-resize:last-of-type,
.left\:cursor-ew-resize:left,
.link\:cursor-ew-resize:link,
.local-link\:cursor-ew-resize:local-link,
.only-child\:cursor-ew-resize:only-child,
.only-of-type\:cursor-ew-resize:only-of-type,
.optional\:cursor-ew-resize:optional,
.out-of-range\:cursor-ew-resize:out-of-range,
.past\:cursor-ew-resize:past,
.placeholder-shown\:cursor-ew-resize:placeholder-shown,
.read-only\:cursor-ew-resize:read-only,
.read-write\:cursor-ew-resize:read-write,
.required\:cursor-ew-resize:required,
.right\:cursor-ew-resize:right,
.root\:cursor-ew-resize:root,
.scope\:cursor-ew-resize:scope,
.target-within\:cursor-ew-resize:target-within,
.target\:cursor-ew-resize:target,
.user-invalid\:cursor-ew-resize:user-invalid,
.valid\:cursor-ew-resize:valid,
.visited\:cursor-ew-resize:visited{cursor: ew-resize !important;}
.active\:cursor-grab:active,
.any-link\:cursor-grab:any-link,
.blank\:cursor-grab:blank,
.checked\:cursor-grab:checked,
.current\:cursor-grab:current,
.cursor-grab,
.default\:cursor-grab:default,
.defined\:cursor-grab:defined,
.disabled\:cursor-grab:disabled,
.drop\:cursor-grab:drop,
.empty\:cursor-grab:empty,
.enabled\:cursor-grab:enabled,
.first-child\:cursor-grab:first-child,
.first-of-type\:cursor-grab:first-of-type,
.first\:cursor-grab:first,
.focus-visible\:cursor-grab:focus-visible,
.focus-within\:cursor-grab:focus-within,
.focus\:cursor-grab:focus,
.fullscreen\:cursor-grab:fullscreen,
.future\:cursor-grab:future,
.host\:cursor-grab:host,
.hover\:cursor-grab:hover,
.in-range\:cursor-grab:in-range,
.indeterminate\:cursor-grab:indeterminate,
.invalid\:cursor-grab:invalid,
.last-child\:cursor-grab:last-child,
.last-of-type\:cursor-grab:last-of-type,
.left\:cursor-grab:left,
.link\:cursor-grab:link,
.local-link\:cursor-grab:local-link,
.only-child\:cursor-grab:only-child,
.only-of-type\:cursor-grab:only-of-type,
.optional\:cursor-grab:optional,
.out-of-range\:cursor-grab:out-of-range,
.past\:cursor-grab:past,
.placeholder-shown\:cursor-grab:placeholder-shown,
.read-only\:cursor-grab:read-only,
.read-write\:cursor-grab:read-write,
.required\:cursor-grab:required,
.right\:cursor-grab:right,
.root\:cursor-grab:root,
.scope\:cursor-grab:scope,
.target-within\:cursor-grab:target-within,
.target\:cursor-grab:target,
.user-invalid\:cursor-grab:user-invalid,
.valid\:cursor-grab:valid,
.visited\:cursor-grab:visited{cursor: grab !important;}
.active\:cursor-grabbing:active,
.any-link\:cursor-grabbing:any-link,
.blank\:cursor-grabbing:blank,
.checked\:cursor-grabbing:checked,
.current\:cursor-grabbing:current,
.cursor-grabbing,
.default\:cursor-grabbing:default,
.defined\:cursor-grabbing:defined,
.disabled\:cursor-grabbing:disabled,
.drop\:cursor-grabbing:drop,
.empty\:cursor-grabbing:empty,
.enabled\:cursor-grabbing:enabled,
.first-child\:cursor-grabbing:first-child,
.first-of-type\:cursor-grabbing:first-of-type,
.first\:cursor-grabbing:first,
.focus-visible\:cursor-grabbing:focus-visible,
.focus-within\:cursor-grabbing:focus-within,
.focus\:cursor-grabbing:focus,
.fullscreen\:cursor-grabbing:fullscreen,
.future\:cursor-grabbing:future,
.host\:cursor-grabbing:host,
.hover\:cursor-grabbing:hover,
.in-range\:cursor-grabbing:in-range,
.indeterminate\:cursor-grabbing:indeterminate,
.invalid\:cursor-grabbing:invalid,
.last-child\:cursor-grabbing:last-child,
.last-of-type\:cursor-grabbing:last-of-type,
.left\:cursor-grabbing:left,
.link\:cursor-grabbing:link,
.local-link\:cursor-grabbing:local-link,
.only-child\:cursor-grabbing:only-child,
.only-of-type\:cursor-grabbing:only-of-type,
.optional\:cursor-grabbing:optional,
.out-of-range\:cursor-grabbing:out-of-range,
.past\:cursor-grabbing:past,
.placeholder-shown\:cursor-grabbing:placeholder-shown,
.read-only\:cursor-grabbing:read-only,
.read-write\:cursor-grabbing:read-write,
.required\:cursor-grabbing:required,
.right\:cursor-grabbing:right,
.root\:cursor-grabbing:root,
.scope\:cursor-grabbing:scope,
.target-within\:cursor-grabbing:target-within,
.target\:cursor-grabbing:target,
.user-invalid\:cursor-grabbing:user-invalid,
.valid\:cursor-grabbing:valid,
.visited\:cursor-grabbing:visited{cursor: grabbing !important;}
.active\:cursor-help:active,
.any-link\:cursor-help:any-link,
.blank\:cursor-help:blank,
.checked\:cursor-help:checked,
.current\:cursor-help:current,
.cursor-help,
.default\:cursor-help:default,
.defined\:cursor-help:defined,
.disabled\:cursor-help:disabled,
.drop\:cursor-help:drop,
.empty\:cursor-help:empty,
.enabled\:cursor-help:enabled,
.first-child\:cursor-help:first-child,
.first-of-type\:cursor-help:first-of-type,
.first\:cursor-help:first,
.focus-visible\:cursor-help:focus-visible,
.focus-within\:cursor-help:focus-within,
.focus\:cursor-help:focus,
.fullscreen\:cursor-help:fullscreen,
.future\:cursor-help:future,
.host\:cursor-help:host,
.hover\:cursor-help:hover,
.in-range\:cursor-help:in-range,
.indeterminate\:cursor-help:indeterminate,
.invalid\:cursor-help:invalid,
.last-child\:cursor-help:last-child,
.last-of-type\:cursor-help:last-of-type,
.left\:cursor-help:left,
.link\:cursor-help:link,
.local-link\:cursor-help:local-link,
.only-child\:cursor-help:only-child,
.only-of-type\:cursor-help:only-of-type,
.optional\:cursor-help:optional,
.out-of-range\:cursor-help:out-of-range,
.past\:cursor-help:past,
.placeholder-shown\:cursor-help:placeholder-shown,
.read-only\:cursor-help:read-only,
.read-write\:cursor-help:read-write,
.required\:cursor-help:required,
.right\:cursor-help:right,
.root\:cursor-help:root,
.scope\:cursor-help:scope,
.target-within\:cursor-help:target-within,
.target\:cursor-help:target,
.user-invalid\:cursor-help:user-invalid,
.valid\:cursor-help:valid,
.visited\:cursor-help:visited{cursor: help !important;}
.active\:cursor-move:active,
.any-link\:cursor-move:any-link,
.blank\:cursor-move:blank,
.checked\:cursor-move:checked,
.current\:cursor-move:current,
.cursor-move,
.default\:cursor-move:default,
.defined\:cursor-move:defined,
.disabled\:cursor-move:disabled,
.drop\:cursor-move:drop,
.empty\:cursor-move:empty,
.enabled\:cursor-move:enabled,
.first-child\:cursor-move:first-child,
.first-of-type\:cursor-move:first-of-type,
.first\:cursor-move:first,
.focus-visible\:cursor-move:focus-visible,
.focus-within\:cursor-move:focus-within,
.focus\:cursor-move:focus,
.fullscreen\:cursor-move:fullscreen,
.future\:cursor-move:future,
.host\:cursor-move:host,
.hover\:cursor-move:hover,
.in-range\:cursor-move:in-range,
.indeterminate\:cursor-move:indeterminate,
.invalid\:cursor-move:invalid,
.last-child\:cursor-move:last-child,
.last-of-type\:cursor-move:last-of-type,
.left\:cursor-move:left,
.link\:cursor-move:link,
.local-link\:cursor-move:local-link,
.only-child\:cursor-move:only-child,
.only-of-type\:cursor-move:only-of-type,
.optional\:cursor-move:optional,
.out-of-range\:cursor-move:out-of-range,
.past\:cursor-move:past,
.placeholder-shown\:cursor-move:placeholder-shown,
.read-only\:cursor-move:read-only,
.read-write\:cursor-move:read-write,
.required\:cursor-move:required,
.right\:cursor-move:right,
.root\:cursor-move:root,
.scope\:cursor-move:scope,
.target-within\:cursor-move:target-within,
.target\:cursor-move:target,
.user-invalid\:cursor-move:user-invalid,
.valid\:cursor-move:valid,
.visited\:cursor-move:visited{cursor: move !important;}
.active\:cursor-n-resize:active,
.any-link\:cursor-n-resize:any-link,
.blank\:cursor-n-resize:blank,
.checked\:cursor-n-resize:checked,
.current\:cursor-n-resize:current,
.cursor-n-resize,
.default\:cursor-n-resize:default,
.defined\:cursor-n-resize:defined,
.disabled\:cursor-n-resize:disabled,
.drop\:cursor-n-resize:drop,
.empty\:cursor-n-resize:empty,
.enabled\:cursor-n-resize:enabled,
.first-child\:cursor-n-resize:first-child,
.first-of-type\:cursor-n-resize:first-of-type,
.first\:cursor-n-resize:first,
.focus-visible\:cursor-n-resize:focus-visible,
.focus-within\:cursor-n-resize:focus-within,
.focus\:cursor-n-resize:focus,
.fullscreen\:cursor-n-resize:fullscreen,
.future\:cursor-n-resize:future,
.host\:cursor-n-resize:host,
.hover\:cursor-n-resize:hover,
.in-range\:cursor-n-resize:in-range,
.indeterminate\:cursor-n-resize:indeterminate,
.invalid\:cursor-n-resize:invalid,
.last-child\:cursor-n-resize:last-child,
.last-of-type\:cursor-n-resize:last-of-type,
.left\:cursor-n-resize:left,
.link\:cursor-n-resize:link,
.local-link\:cursor-n-resize:local-link,
.only-child\:cursor-n-resize:only-child,
.only-of-type\:cursor-n-resize:only-of-type,
.optional\:cursor-n-resize:optional,
.out-of-range\:cursor-n-resize:out-of-range,
.past\:cursor-n-resize:past,
.placeholder-shown\:cursor-n-resize:placeholder-shown,
.read-only\:cursor-n-resize:read-only,
.read-write\:cursor-n-resize:read-write,
.required\:cursor-n-resize:required,
.right\:cursor-n-resize:right,
.root\:cursor-n-resize:root,
.scope\:cursor-n-resize:scope,
.target-within\:cursor-n-resize:target-within,
.target\:cursor-n-resize:target,
.user-invalid\:cursor-n-resize:user-invalid,
.valid\:cursor-n-resize:valid,
.visited\:cursor-n-resize:visited{cursor: n-resize !important;}
.active\:cursor-ne-resize:active,
.any-link\:cursor-ne-resize:any-link,
.blank\:cursor-ne-resize:blank,
.checked\:cursor-ne-resize:checked,
.current\:cursor-ne-resize:current,
.cursor-ne-resize,
.default\:cursor-ne-resize:default,
.defined\:cursor-ne-resize:defined,
.disabled\:cursor-ne-resize:disabled,
.drop\:cursor-ne-resize:drop,
.empty\:cursor-ne-resize:empty,
.enabled\:cursor-ne-resize:enabled,
.first-child\:cursor-ne-resize:first-child,
.first-of-type\:cursor-ne-resize:first-of-type,
.first\:cursor-ne-resize:first,
.focus-visible\:cursor-ne-resize:focus-visible,
.focus-within\:cursor-ne-resize:focus-within,
.focus\:cursor-ne-resize:focus,
.fullscreen\:cursor-ne-resize:fullscreen,
.future\:cursor-ne-resize:future,
.host\:cursor-ne-resize:host,
.hover\:cursor-ne-resize:hover,
.in-range\:cursor-ne-resize:in-range,
.indeterminate\:cursor-ne-resize:indeterminate,
.invalid\:cursor-ne-resize:invalid,
.last-child\:cursor-ne-resize:last-child,
.last-of-type\:cursor-ne-resize:last-of-type,
.left\:cursor-ne-resize:left,
.link\:cursor-ne-resize:link,
.local-link\:cursor-ne-resize:local-link,
.only-child\:cursor-ne-resize:only-child,
.only-of-type\:cursor-ne-resize:only-of-type,
.optional\:cursor-ne-resize:optional,
.out-of-range\:cursor-ne-resize:out-of-range,
.past\:cursor-ne-resize:past,
.placeholder-shown\:cursor-ne-resize:placeholder-shown,
.read-only\:cursor-ne-resize:read-only,
.read-write\:cursor-ne-resize:read-write,
.required\:cursor-ne-resize:required,
.right\:cursor-ne-resize:right,
.root\:cursor-ne-resize:root,
.scope\:cursor-ne-resize:scope,
.target-within\:cursor-ne-resize:target-within,
.target\:cursor-ne-resize:target,
.user-invalid\:cursor-ne-resize:user-invalid,
.valid\:cursor-ne-resize:valid,
.visited\:cursor-ne-resize:visited{cursor: ne-resize !important;}
.active\:cursor-nesw-resize:active,
.any-link\:cursor-nesw-resize:any-link,
.blank\:cursor-nesw-resize:blank,
.checked\:cursor-nesw-resize:checked,
.current\:cursor-nesw-resize:current,
.cursor-nesw-resize,
.default\:cursor-nesw-resize:default,
.defined\:cursor-nesw-resize:defined,
.disabled\:cursor-nesw-resize:disabled,
.drop\:cursor-nesw-resize:drop,
.empty\:cursor-nesw-resize:empty,
.enabled\:cursor-nesw-resize:enabled,
.first-child\:cursor-nesw-resize:first-child,
.first-of-type\:cursor-nesw-resize:first-of-type,
.first\:cursor-nesw-resize:first,
.focus-visible\:cursor-nesw-resize:focus-visible,
.focus-within\:cursor-nesw-resize:focus-within,
.focus\:cursor-nesw-resize:focus,
.fullscreen\:cursor-nesw-resize:fullscreen,
.future\:cursor-nesw-resize:future,
.host\:cursor-nesw-resize:host,
.hover\:cursor-nesw-resize:hover,
.in-range\:cursor-nesw-resize:in-range,
.indeterminate\:cursor-nesw-resize:indeterminate,
.invalid\:cursor-nesw-resize:invalid,
.last-child\:cursor-nesw-resize:last-child,
.last-of-type\:cursor-nesw-resize:last-of-type,
.left\:cursor-nesw-resize:left,
.link\:cursor-nesw-resize:link,
.local-link\:cursor-nesw-resize:local-link,
.only-child\:cursor-nesw-resize:only-child,
.only-of-type\:cursor-nesw-resize:only-of-type,
.optional\:cursor-nesw-resize:optional,
.out-of-range\:cursor-nesw-resize:out-of-range,
.past\:cursor-nesw-resize:past,
.placeholder-shown\:cursor-nesw-resize:placeholder-shown,
.read-only\:cursor-nesw-resize:read-only,
.read-write\:cursor-nesw-resize:read-write,
.required\:cursor-nesw-resize:required,
.right\:cursor-nesw-resize:right,
.root\:cursor-nesw-resize:root,
.scope\:cursor-nesw-resize:scope,
.target-within\:cursor-nesw-resize:target-within,
.target\:cursor-nesw-resize:target,
.user-invalid\:cursor-nesw-resize:user-invalid,
.valid\:cursor-nesw-resize:valid,
.visited\:cursor-nesw-resize:visited{cursor: nesw-resize !important;}
.active\:cursor-no-drop:active,
.any-link\:cursor-no-drop:any-link,
.blank\:cursor-no-drop:blank,
.checked\:cursor-no-drop:checked,
.current\:cursor-no-drop:current,
.cursor-no-drop,
.default\:cursor-no-drop:default,
.defined\:cursor-no-drop:defined,
.disabled\:cursor-no-drop:disabled,
.drop\:cursor-no-drop:drop,
.empty\:cursor-no-drop:empty,
.enabled\:cursor-no-drop:enabled,
.first-child\:cursor-no-drop:first-child,
.first-of-type\:cursor-no-drop:first-of-type,
.first\:cursor-no-drop:first,
.focus-visible\:cursor-no-drop:focus-visible,
.focus-within\:cursor-no-drop:focus-within,
.focus\:cursor-no-drop:focus,
.fullscreen\:cursor-no-drop:fullscreen,
.future\:cursor-no-drop:future,
.host\:cursor-no-drop:host,
.hover\:cursor-no-drop:hover,
.in-range\:cursor-no-drop:in-range,
.indeterminate\:cursor-no-drop:indeterminate,
.invalid\:cursor-no-drop:invalid,
.last-child\:cursor-no-drop:last-child,
.last-of-type\:cursor-no-drop:last-of-type,
.left\:cursor-no-drop:left,
.link\:cursor-no-drop:link,
.local-link\:cursor-no-drop:local-link,
.only-child\:cursor-no-drop:only-child,
.only-of-type\:cursor-no-drop:only-of-type,
.optional\:cursor-no-drop:optional,
.out-of-range\:cursor-no-drop:out-of-range,
.past\:cursor-no-drop:past,
.placeholder-shown\:cursor-no-drop:placeholder-shown,
.read-only\:cursor-no-drop:read-only,
.read-write\:cursor-no-drop:read-write,
.required\:cursor-no-drop:required,
.right\:cursor-no-drop:right,
.root\:cursor-no-drop:root,
.scope\:cursor-no-drop:scope,
.target-within\:cursor-no-drop:target-within,
.target\:cursor-no-drop:target,
.user-invalid\:cursor-no-drop:user-invalid,
.valid\:cursor-no-drop:valid,
.visited\:cursor-no-drop:visited{cursor: no-drop !important;}
.active\:cursor-none:active,
.any-link\:cursor-none:any-link,
.blank\:cursor-none:blank,
.checked\:cursor-none:checked,
.current\:cursor-none:current,
.cursor-none,
.default\:cursor-none:default,
.defined\:cursor-none:defined,
.disabled\:cursor-none:disabled,
.drop\:cursor-none:drop,
.empty\:cursor-none:empty,
.enabled\:cursor-none:enabled,
.first-child\:cursor-none:first-child,
.first-of-type\:cursor-none:first-of-type,
.first\:cursor-none:first,
.focus-visible\:cursor-none:focus-visible,
.focus-within\:cursor-none:focus-within,
.focus\:cursor-none:focus,
.fullscreen\:cursor-none:fullscreen,
.future\:cursor-none:future,
.host\:cursor-none:host,
.hover\:cursor-none:hover,
.in-range\:cursor-none:in-range,
.indeterminate\:cursor-none:indeterminate,
.invalid\:cursor-none:invalid,
.last-child\:cursor-none:last-child,
.last-of-type\:cursor-none:last-of-type,
.left\:cursor-none:left,
.link\:cursor-none:link,
.local-link\:cursor-none:local-link,
.only-child\:cursor-none:only-child,
.only-of-type\:cursor-none:only-of-type,
.optional\:cursor-none:optional,
.out-of-range\:cursor-none:out-of-range,
.past\:cursor-none:past,
.placeholder-shown\:cursor-none:placeholder-shown,
.read-only\:cursor-none:read-only,
.read-write\:cursor-none:read-write,
.required\:cursor-none:required,
.right\:cursor-none:right,
.root\:cursor-none:root,
.scope\:cursor-none:scope,
.target-within\:cursor-none:target-within,
.target\:cursor-none:target,
.user-invalid\:cursor-none:user-invalid,
.valid\:cursor-none:valid,
.visited\:cursor-none:visited{cursor: none !important;}
.active\:cursor-not-allowed:active,
.any-link\:cursor-not-allowed:any-link,
.blank\:cursor-not-allowed:blank,
.checked\:cursor-not-allowed:checked,
.current\:cursor-not-allowed:current,
.cursor-not-allowed,
.default\:cursor-not-allowed:default,
.defined\:cursor-not-allowed:defined,
.disabled\:cursor-not-allowed:disabled,
.drop\:cursor-not-allowed:drop,
.empty\:cursor-not-allowed:empty,
.enabled\:cursor-not-allowed:enabled,
.first-child\:cursor-not-allowed:first-child,
.first-of-type\:cursor-not-allowed:first-of-type,
.first\:cursor-not-allowed:first,
.focus-visible\:cursor-not-allowed:focus-visible,
.focus-within\:cursor-not-allowed:focus-within,
.focus\:cursor-not-allowed:focus,
.fullscreen\:cursor-not-allowed:fullscreen,
.future\:cursor-not-allowed:future,
.host\:cursor-not-allowed:host,
.hover\:cursor-not-allowed:hover,
.in-range\:cursor-not-allowed:in-range,
.indeterminate\:cursor-not-allowed:indeterminate,
.invalid\:cursor-not-allowed:invalid,
.last-child\:cursor-not-allowed:last-child,
.last-of-type\:cursor-not-allowed:last-of-type,
.left\:cursor-not-allowed:left,
.link\:cursor-not-allowed:link,
.local-link\:cursor-not-allowed:local-link,
.only-child\:cursor-not-allowed:only-child,
.only-of-type\:cursor-not-allowed:only-of-type,
.optional\:cursor-not-allowed:optional,
.out-of-range\:cursor-not-allowed:out-of-range,
.past\:cursor-not-allowed:past,
.placeholder-shown\:cursor-not-allowed:placeholder-shown,
.read-only\:cursor-not-allowed:read-only,
.read-write\:cursor-not-allowed:read-write,
.required\:cursor-not-allowed:required,
.right\:cursor-not-allowed:right,
.root\:cursor-not-allowed:root,
.scope\:cursor-not-allowed:scope,
.target-within\:cursor-not-allowed:target-within,
.target\:cursor-not-allowed:target,
.user-invalid\:cursor-not-allowed:user-invalid,
.valid\:cursor-not-allowed:valid,
.visited\:cursor-not-allowed:visited{cursor: not-allowed !important;}
.active\:cursor-ns-resize:active,
.any-link\:cursor-ns-resize:any-link,
.blank\:cursor-ns-resize:blank,
.checked\:cursor-ns-resize:checked,
.current\:cursor-ns-resize:current,
.cursor-ns-resize,
.default\:cursor-ns-resize:default,
.defined\:cursor-ns-resize:defined,
.disabled\:cursor-ns-resize:disabled,
.drop\:cursor-ns-resize:drop,
.empty\:cursor-ns-resize:empty,
.enabled\:cursor-ns-resize:enabled,
.first-child\:cursor-ns-resize:first-child,
.first-of-type\:cursor-ns-resize:first-of-type,
.first\:cursor-ns-resize:first,
.focus-visible\:cursor-ns-resize:focus-visible,
.focus-within\:cursor-ns-resize:focus-within,
.focus\:cursor-ns-resize:focus,
.fullscreen\:cursor-ns-resize:fullscreen,
.future\:cursor-ns-resize:future,
.host\:cursor-ns-resize:host,
.hover\:cursor-ns-resize:hover,
.in-range\:cursor-ns-resize:in-range,
.indeterminate\:cursor-ns-resize:indeterminate,
.invalid\:cursor-ns-resize:invalid,
.last-child\:cursor-ns-resize:last-child,
.last-of-type\:cursor-ns-resize:last-of-type,
.left\:cursor-ns-resize:left,
.link\:cursor-ns-resize:link,
.local-link\:cursor-ns-resize:local-link,
.only-child\:cursor-ns-resize:only-child,
.only-of-type\:cursor-ns-resize:only-of-type,
.optional\:cursor-ns-resize:optional,
.out-of-range\:cursor-ns-resize:out-of-range,
.past\:cursor-ns-resize:past,
.placeholder-shown\:cursor-ns-resize:placeholder-shown,
.read-only\:cursor-ns-resize:read-only,
.read-write\:cursor-ns-resize:read-write,
.required\:cursor-ns-resize:required,
.right\:cursor-ns-resize:right,
.root\:cursor-ns-resize:root,
.scope\:cursor-ns-resize:scope,
.target-within\:cursor-ns-resize:target-within,
.target\:cursor-ns-resize:target,
.user-invalid\:cursor-ns-resize:user-invalid,
.valid\:cursor-ns-resize:valid,
.visited\:cursor-ns-resize:visited{cursor: ns-resize !important;}
.active\:cursor-nw-resize:active,
.any-link\:cursor-nw-resize:any-link,
.blank\:cursor-nw-resize:blank,
.checked\:cursor-nw-resize:checked,
.current\:cursor-nw-resize:current,
.cursor-nw-resize,
.default\:cursor-nw-resize:default,
.defined\:cursor-nw-resize:defined,
.disabled\:cursor-nw-resize:disabled,
.drop\:cursor-nw-resize:drop,
.empty\:cursor-nw-resize:empty,
.enabled\:cursor-nw-resize:enabled,
.first-child\:cursor-nw-resize:first-child,
.first-of-type\:cursor-nw-resize:first-of-type,
.first\:cursor-nw-resize:first,
.focus-visible\:cursor-nw-resize:focus-visible,
.focus-within\:cursor-nw-resize:focus-within,
.focus\:cursor-nw-resize:focus,
.fullscreen\:cursor-nw-resize:fullscreen,
.future\:cursor-nw-resize:future,
.host\:cursor-nw-resize:host,
.hover\:cursor-nw-resize:hover,
.in-range\:cursor-nw-resize:in-range,
.indeterminate\:cursor-nw-resize:indeterminate,
.invalid\:cursor-nw-resize:invalid,
.last-child\:cursor-nw-resize:last-child,
.last-of-type\:cursor-nw-resize:last-of-type,
.left\:cursor-nw-resize:left,
.link\:cursor-nw-resize:link,
.local-link\:cursor-nw-resize:local-link,
.only-child\:cursor-nw-resize:only-child,
.only-of-type\:cursor-nw-resize:only-of-type,
.optional\:cursor-nw-resize:optional,
.out-of-range\:cursor-nw-resize:out-of-range,
.past\:cursor-nw-resize:past,
.placeholder-shown\:cursor-nw-resize:placeholder-shown,
.read-only\:cursor-nw-resize:read-only,
.read-write\:cursor-nw-resize:read-write,
.required\:cursor-nw-resize:required,
.right\:cursor-nw-resize:right,
.root\:cursor-nw-resize:root,
.scope\:cursor-nw-resize:scope,
.target-within\:cursor-nw-resize:target-within,
.target\:cursor-nw-resize:target,
.user-invalid\:cursor-nw-resize:user-invalid,
.valid\:cursor-nw-resize:valid,
.visited\:cursor-nw-resize:visited{cursor: nw-resize !important;}
.active\:cursor-nwse-resize:active,
.any-link\:cursor-nwse-resize:any-link,
.blank\:cursor-nwse-resize:blank,
.checked\:cursor-nwse-resize:checked,
.current\:cursor-nwse-resize:current,
.cursor-nwse-resize,
.default\:cursor-nwse-resize:default,
.defined\:cursor-nwse-resize:defined,
.disabled\:cursor-nwse-resize:disabled,
.drop\:cursor-nwse-resize:drop,
.empty\:cursor-nwse-resize:empty,
.enabled\:cursor-nwse-resize:enabled,
.first-child\:cursor-nwse-resize:first-child,
.first-of-type\:cursor-nwse-resize:first-of-type,
.first\:cursor-nwse-resize:first,
.focus-visible\:cursor-nwse-resize:focus-visible,
.focus-within\:cursor-nwse-resize:focus-within,
.focus\:cursor-nwse-resize:focus,
.fullscreen\:cursor-nwse-resize:fullscreen,
.future\:cursor-nwse-resize:future,
.host\:cursor-nwse-resize:host,
.hover\:cursor-nwse-resize:hover,
.in-range\:cursor-nwse-resize:in-range,
.indeterminate\:cursor-nwse-resize:indeterminate,
.invalid\:cursor-nwse-resize:invalid,
.last-child\:cursor-nwse-resize:last-child,
.last-of-type\:cursor-nwse-resize:last-of-type,
.left\:cursor-nwse-resize:left,
.link\:cursor-nwse-resize:link,
.local-link\:cursor-nwse-resize:local-link,
.only-child\:cursor-nwse-resize:only-child,
.only-of-type\:cursor-nwse-resize:only-of-type,
.optional\:cursor-nwse-resize:optional,
.out-of-range\:cursor-nwse-resize:out-of-range,
.past\:cursor-nwse-resize:past,
.placeholder-shown\:cursor-nwse-resize:placeholder-shown,
.read-only\:cursor-nwse-resize:read-only,
.read-write\:cursor-nwse-resize:read-write,
.required\:cursor-nwse-resize:required,
.right\:cursor-nwse-resize:right,
.root\:cursor-nwse-resize:root,
.scope\:cursor-nwse-resize:scope,
.target-within\:cursor-nwse-resize:target-within,
.target\:cursor-nwse-resize:target,
.user-invalid\:cursor-nwse-resize:user-invalid,
.valid\:cursor-nwse-resize:valid,
.visited\:cursor-nwse-resize:visited{cursor: nwse-resize !important;}
.active\:cursor-pointer:active,
.any-link\:cursor-pointer:any-link,
.blank\:cursor-pointer:blank,
.checked\:cursor-pointer:checked,
.current\:cursor-pointer:current,
.cursor-pointer,
.default\:cursor-pointer:default,
.defined\:cursor-pointer:defined,
.disabled\:cursor-pointer:disabled,
.drop\:cursor-pointer:drop,
.empty\:cursor-pointer:empty,
.enabled\:cursor-pointer:enabled,
.first-child\:cursor-pointer:first-child,
.first-of-type\:cursor-pointer:first-of-type,
.first\:cursor-pointer:first,
.focus-visible\:cursor-pointer:focus-visible,
.focus-within\:cursor-pointer:focus-within,
.focus\:cursor-pointer:focus,
.fullscreen\:cursor-pointer:fullscreen,
.future\:cursor-pointer:future,
.host\:cursor-pointer:host,
.hover\:cursor-pointer:hover,
.in-range\:cursor-pointer:in-range,
.indeterminate\:cursor-pointer:indeterminate,
.invalid\:cursor-pointer:invalid,
.last-child\:cursor-pointer:last-child,
.last-of-type\:cursor-pointer:last-of-type,
.left\:cursor-pointer:left,
.link\:cursor-pointer:link,
.local-link\:cursor-pointer:local-link,
.only-child\:cursor-pointer:only-child,
.only-of-type\:cursor-pointer:only-of-type,
.optional\:cursor-pointer:optional,
.out-of-range\:cursor-pointer:out-of-range,
.past\:cursor-pointer:past,
.placeholder-shown\:cursor-pointer:placeholder-shown,
.read-only\:cursor-pointer:read-only,
.read-write\:cursor-pointer:read-write,
.required\:cursor-pointer:required,
.right\:cursor-pointer:right,
.root\:cursor-pointer:root,
.scope\:cursor-pointer:scope,
.target-within\:cursor-pointer:target-within,
.target\:cursor-pointer:target,
.user-invalid\:cursor-pointer:user-invalid,
.valid\:cursor-pointer:valid,
.visited\:cursor-pointer:visited{cursor: pointer !important;}
.active\:cursor-progress:active,
.any-link\:cursor-progress:any-link,
.blank\:cursor-progress:blank,
.checked\:cursor-progress:checked,
.current\:cursor-progress:current,
.cursor-progress,
.default\:cursor-progress:default,
.defined\:cursor-progress:defined,
.disabled\:cursor-progress:disabled,
.drop\:cursor-progress:drop,
.empty\:cursor-progress:empty,
.enabled\:cursor-progress:enabled,
.first-child\:cursor-progress:first-child,
.first-of-type\:cursor-progress:first-of-type,
.first\:cursor-progress:first,
.focus-visible\:cursor-progress:focus-visible,
.focus-within\:cursor-progress:focus-within,
.focus\:cursor-progress:focus,
.fullscreen\:cursor-progress:fullscreen,
.future\:cursor-progress:future,
.host\:cursor-progress:host,
.hover\:cursor-progress:hover,
.in-range\:cursor-progress:in-range,
.indeterminate\:cursor-progress:indeterminate,
.invalid\:cursor-progress:invalid,
.last-child\:cursor-progress:last-child,
.last-of-type\:cursor-progress:last-of-type,
.left\:cursor-progress:left,
.link\:cursor-progress:link,
.local-link\:cursor-progress:local-link,
.only-child\:cursor-progress:only-child,
.only-of-type\:cursor-progress:only-of-type,
.optional\:cursor-progress:optional,
.out-of-range\:cursor-progress:out-of-range,
.past\:cursor-progress:past,
.placeholder-shown\:cursor-progress:placeholder-shown,
.read-only\:cursor-progress:read-only,
.read-write\:cursor-progress:read-write,
.required\:cursor-progress:required,
.right\:cursor-progress:right,
.root\:cursor-progress:root,
.scope\:cursor-progress:scope,
.target-within\:cursor-progress:target-within,
.target\:cursor-progress:target,
.user-invalid\:cursor-progress:user-invalid,
.valid\:cursor-progress:valid,
.visited\:cursor-progress:visited{cursor: progress !important;}
.active\:cursor-row-resize:active,
.any-link\:cursor-row-resize:any-link,
.blank\:cursor-row-resize:blank,
.checked\:cursor-row-resize:checked,
.current\:cursor-row-resize:current,
.cursor-row-resize,
.default\:cursor-row-resize:default,
.defined\:cursor-row-resize:defined,
.disabled\:cursor-row-resize:disabled,
.drop\:cursor-row-resize:drop,
.empty\:cursor-row-resize:empty,
.enabled\:cursor-row-resize:enabled,
.first-child\:cursor-row-resize:first-child,
.first-of-type\:cursor-row-resize:first-of-type,
.first\:cursor-row-resize:first,
.focus-visible\:cursor-row-resize:focus-visible,
.focus-within\:cursor-row-resize:focus-within,
.focus\:cursor-row-resize:focus,
.fullscreen\:cursor-row-resize:fullscreen,
.future\:cursor-row-resize:future,
.host\:cursor-row-resize:host,
.hover\:cursor-row-resize:hover,
.in-range\:cursor-row-resize:in-range,
.indeterminate\:cursor-row-resize:indeterminate,
.invalid\:cursor-row-resize:invalid,
.last-child\:cursor-row-resize:last-child,
.last-of-type\:cursor-row-resize:last-of-type,
.left\:cursor-row-resize:left,
.link\:cursor-row-resize:link,
.local-link\:cursor-row-resize:local-link,
.only-child\:cursor-row-resize:only-child,
.only-of-type\:cursor-row-resize:only-of-type,
.optional\:cursor-row-resize:optional,
.out-of-range\:cursor-row-resize:out-of-range,
.past\:cursor-row-resize:past,
.placeholder-shown\:cursor-row-resize:placeholder-shown,
.read-only\:cursor-row-resize:read-only,
.read-write\:cursor-row-resize:read-write,
.required\:cursor-row-resize:required,
.right\:cursor-row-resize:right,
.root\:cursor-row-resize:root,
.scope\:cursor-row-resize:scope,
.target-within\:cursor-row-resize:target-within,
.target\:cursor-row-resize:target,
.user-invalid\:cursor-row-resize:user-invalid,
.valid\:cursor-row-resize:valid,
.visited\:cursor-row-resize:visited{cursor: row-resize !important;}
.active\:cursor-s-resize:active,
.any-link\:cursor-s-resize:any-link,
.blank\:cursor-s-resize:blank,
.checked\:cursor-s-resize:checked,
.current\:cursor-s-resize:current,
.cursor-s-resize,
.default\:cursor-s-resize:default,
.defined\:cursor-s-resize:defined,
.disabled\:cursor-s-resize:disabled,
.drop\:cursor-s-resize:drop,
.empty\:cursor-s-resize:empty,
.enabled\:cursor-s-resize:enabled,
.first-child\:cursor-s-resize:first-child,
.first-of-type\:cursor-s-resize:first-of-type,
.first\:cursor-s-resize:first,
.focus-visible\:cursor-s-resize:focus-visible,
.focus-within\:cursor-s-resize:focus-within,
.focus\:cursor-s-resize:focus,
.fullscreen\:cursor-s-resize:fullscreen,
.future\:cursor-s-resize:future,
.host\:cursor-s-resize:host,
.hover\:cursor-s-resize:hover,
.in-range\:cursor-s-resize:in-range,
.indeterminate\:cursor-s-resize:indeterminate,
.invalid\:cursor-s-resize:invalid,
.last-child\:cursor-s-resize:last-child,
.last-of-type\:cursor-s-resize:last-of-type,
.left\:cursor-s-resize:left,
.link\:cursor-s-resize:link,
.local-link\:cursor-s-resize:local-link,
.only-child\:cursor-s-resize:only-child,
.only-of-type\:cursor-s-resize:only-of-type,
.optional\:cursor-s-resize:optional,
.out-of-range\:cursor-s-resize:out-of-range,
.past\:cursor-s-resize:past,
.placeholder-shown\:cursor-s-resize:placeholder-shown,
.read-only\:cursor-s-resize:read-only,
.read-write\:cursor-s-resize:read-write,
.required\:cursor-s-resize:required,
.right\:cursor-s-resize:right,
.root\:cursor-s-resize:root,
.scope\:cursor-s-resize:scope,
.target-within\:cursor-s-resize:target-within,
.target\:cursor-s-resize:target,
.user-invalid\:cursor-s-resize:user-invalid,
.valid\:cursor-s-resize:valid,
.visited\:cursor-s-resize:visited{cursor: s-resize !important;}
.active\:cursor-se-resize:active,
.any-link\:cursor-se-resize:any-link,
.blank\:cursor-se-resize:blank,
.checked\:cursor-se-resize:checked,
.current\:cursor-se-resize:current,
.cursor-se-resize,
.default\:cursor-se-resize:default,
.defined\:cursor-se-resize:defined,
.disabled\:cursor-se-resize:disabled,
.drop\:cursor-se-resize:drop,
.empty\:cursor-se-resize:empty,
.enabled\:cursor-se-resize:enabled,
.first-child\:cursor-se-resize:first-child,
.first-of-type\:cursor-se-resize:first-of-type,
.first\:cursor-se-resize:first,
.focus-visible\:cursor-se-resize:focus-visible,
.focus-within\:cursor-se-resize:focus-within,
.focus\:cursor-se-resize:focus,
.fullscreen\:cursor-se-resize:fullscreen,
.future\:cursor-se-resize:future,
.host\:cursor-se-resize:host,
.hover\:cursor-se-resize:hover,
.in-range\:cursor-se-resize:in-range,
.indeterminate\:cursor-se-resize:indeterminate,
.invalid\:cursor-se-resize:invalid,
.last-child\:cursor-se-resize:last-child,
.last-of-type\:cursor-se-resize:last-of-type,
.left\:cursor-se-resize:left,
.link\:cursor-se-resize:link,
.local-link\:cursor-se-resize:local-link,
.only-child\:cursor-se-resize:only-child,
.only-of-type\:cursor-se-resize:only-of-type,
.optional\:cursor-se-resize:optional,
.out-of-range\:cursor-se-resize:out-of-range,
.past\:cursor-se-resize:past,
.placeholder-shown\:cursor-se-resize:placeholder-shown,
.read-only\:cursor-se-resize:read-only,
.read-write\:cursor-se-resize:read-write,
.required\:cursor-se-resize:required,
.right\:cursor-se-resize:right,
.root\:cursor-se-resize:root,
.scope\:cursor-se-resize:scope,
.target-within\:cursor-se-resize:target-within,
.target\:cursor-se-resize:target,
.user-invalid\:cursor-se-resize:user-invalid,
.valid\:cursor-se-resize:valid,
.visited\:cursor-se-resize:visited{cursor: se-resize !important;}
.active\:cursor-sw-resize:active,
.any-link\:cursor-sw-resize:any-link,
.blank\:cursor-sw-resize:blank,
.checked\:cursor-sw-resize:checked,
.current\:cursor-sw-resize:current,
.cursor-sw-resize,
.default\:cursor-sw-resize:default,
.defined\:cursor-sw-resize:defined,
.disabled\:cursor-sw-resize:disabled,
.drop\:cursor-sw-resize:drop,
.empty\:cursor-sw-resize:empty,
.enabled\:cursor-sw-resize:enabled,
.first-child\:cursor-sw-resize:first-child,
.first-of-type\:cursor-sw-resize:first-of-type,
.first\:cursor-sw-resize:first,
.focus-visible\:cursor-sw-resize:focus-visible,
.focus-within\:cursor-sw-resize:focus-within,
.focus\:cursor-sw-resize:focus,
.fullscreen\:cursor-sw-resize:fullscreen,
.future\:cursor-sw-resize:future,
.host\:cursor-sw-resize:host,
.hover\:cursor-sw-resize:hover,
.in-range\:cursor-sw-resize:in-range,
.indeterminate\:cursor-sw-resize:indeterminate,
.invalid\:cursor-sw-resize:invalid,
.last-child\:cursor-sw-resize:last-child,
.last-of-type\:cursor-sw-resize:last-of-type,
.left\:cursor-sw-resize:left,
.link\:cursor-sw-resize:link,
.local-link\:cursor-sw-resize:local-link,
.only-child\:cursor-sw-resize:only-child,
.only-of-type\:cursor-sw-resize:only-of-type,
.optional\:cursor-sw-resize:optional,
.out-of-range\:cursor-sw-resize:out-of-range,
.past\:cursor-sw-resize:past,
.placeholder-shown\:cursor-sw-resize:placeholder-shown,
.read-only\:cursor-sw-resize:read-only,
.read-write\:cursor-sw-resize:read-write,
.required\:cursor-sw-resize:required,
.right\:cursor-sw-resize:right,
.root\:cursor-sw-resize:root,
.scope\:cursor-sw-resize:scope,
.target-within\:cursor-sw-resize:target-within,
.target\:cursor-sw-resize:target,
.user-invalid\:cursor-sw-resize:user-invalid,
.valid\:cursor-sw-resize:valid,
.visited\:cursor-sw-resize:visited{cursor: sw-resize !important;}
.active\:cursor-text:active,
.any-link\:cursor-text:any-link,
.blank\:cursor-text:blank,
.checked\:cursor-text:checked,
.current\:cursor-text:current,
.cursor-text,
.default\:cursor-text:default,
.defined\:cursor-text:defined,
.disabled\:cursor-text:disabled,
.drop\:cursor-text:drop,
.empty\:cursor-text:empty,
.enabled\:cursor-text:enabled,
.first-child\:cursor-text:first-child,
.first-of-type\:cursor-text:first-of-type,
.first\:cursor-text:first,
.focus-visible\:cursor-text:focus-visible,
.focus-within\:cursor-text:focus-within,
.focus\:cursor-text:focus,
.fullscreen\:cursor-text:fullscreen,
.future\:cursor-text:future,
.host\:cursor-text:host,
.hover\:cursor-text:hover,
.in-range\:cursor-text:in-range,
.indeterminate\:cursor-text:indeterminate,
.invalid\:cursor-text:invalid,
.last-child\:cursor-text:last-child,
.last-of-type\:cursor-text:last-of-type,
.left\:cursor-text:left,
.link\:cursor-text:link,
.local-link\:cursor-text:local-link,
.only-child\:cursor-text:only-child,
.only-of-type\:cursor-text:only-of-type,
.optional\:cursor-text:optional,
.out-of-range\:cursor-text:out-of-range,
.past\:cursor-text:past,
.placeholder-shown\:cursor-text:placeholder-shown,
.read-only\:cursor-text:read-only,
.read-write\:cursor-text:read-write,
.required\:cursor-text:required,
.right\:cursor-text:right,
.root\:cursor-text:root,
.scope\:cursor-text:scope,
.target-within\:cursor-text:target-within,
.target\:cursor-text:target,
.user-invalid\:cursor-text:user-invalid,
.valid\:cursor-text:valid,
.visited\:cursor-text:visited{cursor: text !important;}
.active\:cursor-vertical-text:active,
.any-link\:cursor-vertical-text:any-link,
.blank\:cursor-vertical-text:blank,
.checked\:cursor-vertical-text:checked,
.current\:cursor-vertical-text:current,
.cursor-vertical-text,
.default\:cursor-vertical-text:default,
.defined\:cursor-vertical-text:defined,
.disabled\:cursor-vertical-text:disabled,
.drop\:cursor-vertical-text:drop,
.empty\:cursor-vertical-text:empty,
.enabled\:cursor-vertical-text:enabled,
.first-child\:cursor-vertical-text:first-child,
.first-of-type\:cursor-vertical-text:first-of-type,
.first\:cursor-vertical-text:first,
.focus-visible\:cursor-vertical-text:focus-visible,
.focus-within\:cursor-vertical-text:focus-within,
.focus\:cursor-vertical-text:focus,
.fullscreen\:cursor-vertical-text:fullscreen,
.future\:cursor-vertical-text:future,
.host\:cursor-vertical-text:host,
.hover\:cursor-vertical-text:hover,
.in-range\:cursor-vertical-text:in-range,
.indeterminate\:cursor-vertical-text:indeterminate,
.invalid\:cursor-vertical-text:invalid,
.last-child\:cursor-vertical-text:last-child,
.last-of-type\:cursor-vertical-text:last-of-type,
.left\:cursor-vertical-text:left,
.link\:cursor-vertical-text:link,
.local-link\:cursor-vertical-text:local-link,
.only-child\:cursor-vertical-text:only-child,
.only-of-type\:cursor-vertical-text:only-of-type,
.optional\:cursor-vertical-text:optional,
.out-of-range\:cursor-vertical-text:out-of-range,
.past\:cursor-vertical-text:past,
.placeholder-shown\:cursor-vertical-text:placeholder-shown,
.read-only\:cursor-vertical-text:read-only,
.read-write\:cursor-vertical-text:read-write,
.required\:cursor-vertical-text:required,
.right\:cursor-vertical-text:right,
.root\:cursor-vertical-text:root,
.scope\:cursor-vertical-text:scope,
.target-within\:cursor-vertical-text:target-within,
.target\:cursor-vertical-text:target,
.user-invalid\:cursor-vertical-text:user-invalid,
.valid\:cursor-vertical-text:valid,
.visited\:cursor-vertical-text:visited{cursor: vertical-text !important;}
.active\:cursor-w-resize:active,
.any-link\:cursor-w-resize:any-link,
.blank\:cursor-w-resize:blank,
.checked\:cursor-w-resize:checked,
.current\:cursor-w-resize:current,
.cursor-w-resize,
.default\:cursor-w-resize:default,
.defined\:cursor-w-resize:defined,
.disabled\:cursor-w-resize:disabled,
.drop\:cursor-w-resize:drop,
.empty\:cursor-w-resize:empty,
.enabled\:cursor-w-resize:enabled,
.first-child\:cursor-w-resize:first-child,
.first-of-type\:cursor-w-resize:first-of-type,
.first\:cursor-w-resize:first,
.focus-visible\:cursor-w-resize:focus-visible,
.focus-within\:cursor-w-resize:focus-within,
.focus\:cursor-w-resize:focus,
.fullscreen\:cursor-w-resize:fullscreen,
.future\:cursor-w-resize:future,
.host\:cursor-w-resize:host,
.hover\:cursor-w-resize:hover,
.in-range\:cursor-w-resize:in-range,
.indeterminate\:cursor-w-resize:indeterminate,
.invalid\:cursor-w-resize:invalid,
.last-child\:cursor-w-resize:last-child,
.last-of-type\:cursor-w-resize:last-of-type,
.left\:cursor-w-resize:left,
.link\:cursor-w-resize:link,
.local-link\:cursor-w-resize:local-link,
.only-child\:cursor-w-resize:only-child,
.only-of-type\:cursor-w-resize:only-of-type,
.optional\:cursor-w-resize:optional,
.out-of-range\:cursor-w-resize:out-of-range,
.past\:cursor-w-resize:past,
.placeholder-shown\:cursor-w-resize:placeholder-shown,
.read-only\:cursor-w-resize:read-only,
.read-write\:cursor-w-resize:read-write,
.required\:cursor-w-resize:required,
.right\:cursor-w-resize:right,
.root\:cursor-w-resize:root,
.scope\:cursor-w-resize:scope,
.target-within\:cursor-w-resize:target-within,
.target\:cursor-w-resize:target,
.user-invalid\:cursor-w-resize:user-invalid,
.valid\:cursor-w-resize:valid,
.visited\:cursor-w-resize:visited{cursor: w-resize !important;}
.active\:cursor-wait:active,
.any-link\:cursor-wait:any-link,
.blank\:cursor-wait:blank,
.checked\:cursor-wait:checked,
.current\:cursor-wait:current,
.cursor-wait,
.default\:cursor-wait:default,
.defined\:cursor-wait:defined,
.disabled\:cursor-wait:disabled,
.drop\:cursor-wait:drop,
.empty\:cursor-wait:empty,
.enabled\:cursor-wait:enabled,
.first-child\:cursor-wait:first-child,
.first-of-type\:cursor-wait:first-of-type,
.first\:cursor-wait:first,
.focus-visible\:cursor-wait:focus-visible,
.focus-within\:cursor-wait:focus-within,
.focus\:cursor-wait:focus,
.fullscreen\:cursor-wait:fullscreen,
.future\:cursor-wait:future,
.host\:cursor-wait:host,
.hover\:cursor-wait:hover,
.in-range\:cursor-wait:in-range,
.indeterminate\:cursor-wait:indeterminate,
.invalid\:cursor-wait:invalid,
.last-child\:cursor-wait:last-child,
.last-of-type\:cursor-wait:last-of-type,
.left\:cursor-wait:left,
.link\:cursor-wait:link,
.local-link\:cursor-wait:local-link,
.only-child\:cursor-wait:only-child,
.only-of-type\:cursor-wait:only-of-type,
.optional\:cursor-wait:optional,
.out-of-range\:cursor-wait:out-of-range,
.past\:cursor-wait:past,
.placeholder-shown\:cursor-wait:placeholder-shown,
.read-only\:cursor-wait:read-only,
.read-write\:cursor-wait:read-write,
.required\:cursor-wait:required,
.right\:cursor-wait:right,
.root\:cursor-wait:root,
.scope\:cursor-wait:scope,
.target-within\:cursor-wait:target-within,
.target\:cursor-wait:target,
.user-invalid\:cursor-wait:user-invalid,
.valid\:cursor-wait:valid,
.visited\:cursor-wait:visited{cursor: wait !important;}
.active\:cursor-zoom-in:active,
.any-link\:cursor-zoom-in:any-link,
.blank\:cursor-zoom-in:blank,
.checked\:cursor-zoom-in:checked,
.current\:cursor-zoom-in:current,
.cursor-zoom-in,
.default\:cursor-zoom-in:default,
.defined\:cursor-zoom-in:defined,
.disabled\:cursor-zoom-in:disabled,
.drop\:cursor-zoom-in:drop,
.empty\:cursor-zoom-in:empty,
.enabled\:cursor-zoom-in:enabled,
.first-child\:cursor-zoom-in:first-child,
.first-of-type\:cursor-zoom-in:first-of-type,
.first\:cursor-zoom-in:first,
.focus-visible\:cursor-zoom-in:focus-visible,
.focus-within\:cursor-zoom-in:focus-within,
.focus\:cursor-zoom-in:focus,
.fullscreen\:cursor-zoom-in:fullscreen,
.future\:cursor-zoom-in:future,
.host\:cursor-zoom-in:host,
.hover\:cursor-zoom-in:hover,
.in-range\:cursor-zoom-in:in-range,
.indeterminate\:cursor-zoom-in:indeterminate,
.invalid\:cursor-zoom-in:invalid,
.last-child\:cursor-zoom-in:last-child,
.last-of-type\:cursor-zoom-in:last-of-type,
.left\:cursor-zoom-in:left,
.link\:cursor-zoom-in:link,
.local-link\:cursor-zoom-in:local-link,
.only-child\:cursor-zoom-in:only-child,
.only-of-type\:cursor-zoom-in:only-of-type,
.optional\:cursor-zoom-in:optional,
.out-of-range\:cursor-zoom-in:out-of-range,
.past\:cursor-zoom-in:past,
.placeholder-shown\:cursor-zoom-in:placeholder-shown,
.read-only\:cursor-zoom-in:read-only,
.read-write\:cursor-zoom-in:read-write,
.required\:cursor-zoom-in:required,
.right\:cursor-zoom-in:right,
.root\:cursor-zoom-in:root,
.scope\:cursor-zoom-in:scope,
.target-within\:cursor-zoom-in:target-within,
.target\:cursor-zoom-in:target,
.user-invalid\:cursor-zoom-in:user-invalid,
.valid\:cursor-zoom-in:valid,
.visited\:cursor-zoom-in:visited{cursor: zoom-in !important;}
.active\:cursor-zoom-out:active,
.any-link\:cursor-zoom-out:any-link,
.blank\:cursor-zoom-out:blank,
.checked\:cursor-zoom-out:checked,
.current\:cursor-zoom-out:current,
.cursor-zoom-out,
.default\:cursor-zoom-out:default,
.defined\:cursor-zoom-out:defined,
.disabled\:cursor-zoom-out:disabled,
.drop\:cursor-zoom-out:drop,
.empty\:cursor-zoom-out:empty,
.enabled\:cursor-zoom-out:enabled,
.first-child\:cursor-zoom-out:first-child,
.first-of-type\:cursor-zoom-out:first-of-type,
.first\:cursor-zoom-out:first,
.focus-visible\:cursor-zoom-out:focus-visible,
.focus-within\:cursor-zoom-out:focus-within,
.focus\:cursor-zoom-out:focus,
.fullscreen\:cursor-zoom-out:fullscreen,
.future\:cursor-zoom-out:future,
.host\:cursor-zoom-out:host,
.hover\:cursor-zoom-out:hover,
.in-range\:cursor-zoom-out:in-range,
.indeterminate\:cursor-zoom-out:indeterminate,
.invalid\:cursor-zoom-out:invalid,
.last-child\:cursor-zoom-out:last-child,
.last-of-type\:cursor-zoom-out:last-of-type,
.left\:cursor-zoom-out:left,
.link\:cursor-zoom-out:link,
.local-link\:cursor-zoom-out:local-link,
.only-child\:cursor-zoom-out:only-child,
.only-of-type\:cursor-zoom-out:only-of-type,
.optional\:cursor-zoom-out:optional,
.out-of-range\:cursor-zoom-out:out-of-range,
.past\:cursor-zoom-out:past,
.placeholder-shown\:cursor-zoom-out:placeholder-shown,
.read-only\:cursor-zoom-out:read-only,
.read-write\:cursor-zoom-out:read-write,
.required\:cursor-zoom-out:required,
.right\:cursor-zoom-out:right,
.root\:cursor-zoom-out:root,
.scope\:cursor-zoom-out:scope,
.target-within\:cursor-zoom-out:target-within,
.target\:cursor-zoom-out:target,
.user-invalid\:cursor-zoom-out:user-invalid,
.valid\:cursor-zoom-out:valid,
.visited\:cursor-zoom-out:visited{cursor: zoom-out !important;}
@media (min-width: 1024px){
.lg\@cursor-alias{cursor: alias !important;}
.lg\@cursor-all-scroll{cursor: all-scroll !important;}
.lg\@cursor-auto{cursor: auto !important;}
.lg\@cursor-cell{cursor: cell !important;}
.lg\@cursor-col-resize{cursor: col-resize !important;}
.lg\@cursor-context-menu{cursor: context-menu !important;}
.lg\@cursor-copy{cursor: copy !important;}
.lg\@cursor-crosshair{cursor: crosshair !important;}
.lg\@cursor-default{cursor: default !important;}
.lg\@cursor-e-resize{cursor: e-resize !important;}
.lg\@cursor-ew-resize{cursor: ew-resize !important;}
.lg\@cursor-grab{cursor: grab !important;}
.lg\@cursor-grabbing{cursor: grabbing !important;}
.lg\@cursor-help{cursor: help !important;}
.lg\@cursor-move{cursor: move !important;}
.lg\@cursor-n-resize{cursor: n-resize !important;}
.lg\@cursor-ne-resize{cursor: ne-resize !important;}
.lg\@cursor-nesw-resize{cursor: nesw-resize !important;}
.lg\@cursor-no-drop{cursor: no-drop !important;}
.lg\@cursor-none{cursor: none !important;}
.lg\@cursor-not-allowed{cursor: not-allowed !important;}
.lg\@cursor-ns-resize{cursor: ns-resize !important;}
.lg\@cursor-nw-resize{cursor: nw-resize !important;}
.lg\@cursor-nwse-resize{cursor: nwse-resize !important;}
.lg\@cursor-pointer{cursor: pointer !important;}
.lg\@cursor-progress{cursor: progress !important;}
.lg\@cursor-row-resize{cursor: row-resize !important;}
.lg\@cursor-s-resize{cursor: s-resize !important;}
.lg\@cursor-se-resize{cursor: se-resize !important;}
.lg\@cursor-sw-resize{cursor: sw-resize !important;}
.lg\@cursor-text{cursor: text !important;}
.lg\@cursor-vertical-text{cursor: vertical-text !important;}
.lg\@cursor-w-resize{cursor: w-resize !important;}
.lg\@cursor-wait{cursor: wait !important;}
.lg\@cursor-zoom-in{cursor: zoom-in !important;}
.lg\@cursor-zoom-out{cursor: zoom-out !important;}
}
@media (min-width: 1280px){
.xl\@cursor-alias{cursor: alias !important;}
.xl\@cursor-all-scroll{cursor: all-scroll !important;}
.xl\@cursor-auto{cursor: auto !important;}
.xl\@cursor-cell{cursor: cell !important;}
.xl\@cursor-col-resize{cursor: col-resize !important;}
.xl\@cursor-context-menu{cursor: context-menu !important;}
.xl\@cursor-copy{cursor: copy !important;}
.xl\@cursor-crosshair{cursor: crosshair !important;}
.xl\@cursor-default{cursor: default !important;}
.xl\@cursor-e-resize{cursor: e-resize !important;}
.xl\@cursor-ew-resize{cursor: ew-resize !important;}
.xl\@cursor-grab{cursor: grab !important;}
.xl\@cursor-grabbing{cursor: grabbing !important;}
.xl\@cursor-help{cursor: help !important;}
.xl\@cursor-move{cursor: move !important;}
.xl\@cursor-n-resize{cursor: n-resize !important;}
.xl\@cursor-ne-resize{cursor: ne-resize !important;}
.xl\@cursor-nesw-resize{cursor: nesw-resize !important;}
.xl\@cursor-no-drop{cursor: no-drop !important;}
.xl\@cursor-none{cursor: none !important;}
.xl\@cursor-not-allowed{cursor: not-allowed !important;}
.xl\@cursor-ns-resize{cursor: ns-resize !important;}
.xl\@cursor-nw-resize{cursor: nw-resize !important;}
.xl\@cursor-nwse-resize{cursor: nwse-resize !important;}
.xl\@cursor-pointer{cursor: pointer !important;}
.xl\@cursor-progress{cursor: progress !important;}
.xl\@cursor-row-resize{cursor: row-resize !important;}
.xl\@cursor-s-resize{cursor: s-resize !important;}
.xl\@cursor-se-resize{cursor: se-resize !important;}
.xl\@cursor-sw-resize{cursor: sw-resize !important;}
.xl\@cursor-text{cursor: text !important;}
.xl\@cursor-vertical-text{cursor: vertical-text !important;}
.xl\@cursor-w-resize{cursor: w-resize !important;}
.xl\@cursor-wait{cursor: wait !important;}
.xl\@cursor-zoom-in{cursor: zoom-in !important;}
.xl\@cursor-zoom-out{cursor: zoom-out !important;}
}
@media (min-width: 640px){
.sm\@cursor-alias{cursor: alias !important;}
.sm\@cursor-all-scroll{cursor: all-scroll !important;}
.sm\@cursor-auto{cursor: auto !important;}
.sm\@cursor-cell{cursor: cell !important;}
.sm\@cursor-col-resize{cursor: col-resize !important;}
.sm\@cursor-context-menu{cursor: context-menu !important;}
.sm\@cursor-copy{cursor: copy !important;}
.sm\@cursor-crosshair{cursor: crosshair !important;}
.sm\@cursor-default{cursor: default !important;}
.sm\@cursor-e-resize{cursor: e-resize !important;}
.sm\@cursor-ew-resize{cursor: ew-resize !important;}
.sm\@cursor-grab{cursor: grab !important;}
.sm\@cursor-grabbing{cursor: grabbing !important;}
.sm\@cursor-help{cursor: help !important;}
.sm\@cursor-move{cursor: move !important;}
.sm\@cursor-n-resize{cursor: n-resize !important;}
.sm\@cursor-ne-resize{cursor: ne-resize !important;}
.sm\@cursor-nesw-resize{cursor: nesw-resize !important;}
.sm\@cursor-no-drop{cursor: no-drop !important;}
.sm\@cursor-none{cursor: none !important;}
.sm\@cursor-not-allowed{cursor: not-allowed !important;}
.sm\@cursor-ns-resize{cursor: ns-resize !important;}
.sm\@cursor-nw-resize{cursor: nw-resize !important;}
.sm\@cursor-nwse-resize{cursor: nwse-resize !important;}
.sm\@cursor-pointer{cursor: pointer !important;}
.sm\@cursor-progress{cursor: progress !important;}
.sm\@cursor-row-resize{cursor: row-resize !important;}
.sm\@cursor-s-resize{cursor: s-resize !important;}
.sm\@cursor-se-resize{cursor: se-resize !important;}
.sm\@cursor-sw-resize{cursor: sw-resize !important;}
.sm\@cursor-text{cursor: text !important;}
.sm\@cursor-vertical-text{cursor: vertical-text !important;}
.sm\@cursor-w-resize{cursor: w-resize !important;}
.sm\@cursor-wait{cursor: wait !important;}
.sm\@cursor-zoom-in{cursor: zoom-in !important;}
.sm\@cursor-zoom-out{cursor: zoom-out !important;}
}
@media (min-width: 768px){
.md\@cursor-alias{cursor: alias !important;}
.md\@cursor-all-scroll{cursor: all-scroll !important;}
.md\@cursor-auto{cursor: auto !important;}
.md\@cursor-cell{cursor: cell !important;}
.md\@cursor-col-resize{cursor: col-resize !important;}
.md\@cursor-context-menu{cursor: context-menu !important;}
.md\@cursor-copy{cursor: copy !important;}
.md\@cursor-crosshair{cursor: crosshair !important;}
.md\@cursor-default{cursor: default !important;}
.md\@cursor-e-resize{cursor: e-resize !important;}
.md\@cursor-ew-resize{cursor: ew-resize !important;}
.md\@cursor-grab{cursor: grab !important;}
.md\@cursor-grabbing{cursor: grabbing !important;}
.md\@cursor-help{cursor: help !important;}
.md\@cursor-move{cursor: move !important;}
.md\@cursor-n-resize{cursor: n-resize !important;}
.md\@cursor-ne-resize{cursor: ne-resize !important;}
.md\@cursor-nesw-resize{cursor: nesw-resize !important;}
.md\@cursor-no-drop{cursor: no-drop !important;}
.md\@cursor-none{cursor: none !important;}
.md\@cursor-not-allowed{cursor: not-allowed !important;}
.md\@cursor-ns-resize{cursor: ns-resize !important;}
.md\@cursor-nw-resize{cursor: nw-resize !important;}
.md\@cursor-nwse-resize{cursor: nwse-resize !important;}
.md\@cursor-pointer{cursor: pointer !important;}
.md\@cursor-progress{cursor: progress !important;}
.md\@cursor-row-resize{cursor: row-resize !important;}
.md\@cursor-s-resize{cursor: s-resize !important;}
.md\@cursor-se-resize{cursor: se-resize !important;}
.md\@cursor-sw-resize{cursor: sw-resize !important;}
.md\@cursor-text{cursor: text !important;}
.md\@cursor-vertical-text{cursor: vertical-text !important;}
.md\@cursor-w-resize{cursor: w-resize !important;}
.md\@cursor-wait{cursor: wait !important;}
.md\@cursor-zoom-in{cursor: zoom-in !important;}
.md\@cursor-zoom-out{cursor: zoom-out !important;}
}
@supports (display: grid){
.supportGrid\@cursor-alias{cursor: alias !important;}
.supportGrid\@cursor-all-scroll{cursor: all-scroll !important;}
.supportGrid\@cursor-auto{cursor: auto !important;}
.supportGrid\@cursor-cell{cursor: cell !important;}
.supportGrid\@cursor-col-resize{cursor: col-resize !important;}
.supportGrid\@cursor-context-menu{cursor: context-menu !important;}
.supportGrid\@cursor-copy{cursor: copy !important;}
.supportGrid\@cursor-crosshair{cursor: crosshair !important;}
.supportGrid\@cursor-default{cursor: default !important;}
.supportGrid\@cursor-e-resize{cursor: e-resize !important;}
.supportGrid\@cursor-ew-resize{cursor: ew-resize !important;}
.supportGrid\@cursor-grab{cursor: grab !important;}
.supportGrid\@cursor-grabbing{cursor: grabbing !important;}
.supportGrid\@cursor-help{cursor: help !important;}
.supportGrid\@cursor-move{cursor: move !important;}
.supportGrid\@cursor-n-resize{cursor: n-resize !important;}
.supportGrid\@cursor-ne-resize{cursor: ne-resize !important;}
.supportGrid\@cursor-nesw-resize{cursor: nesw-resize !important;}
.supportGrid\@cursor-no-drop{cursor: no-drop !important;}
.supportGrid\@cursor-none{cursor: none !important;}
.supportGrid\@cursor-not-allowed{cursor: not-allowed !important;}
.supportGrid\@cursor-ns-resize{cursor: ns-resize !important;}
.supportGrid\@cursor-nw-resize{cursor: nw-resize !important;}
.supportGrid\@cursor-nwse-resize{cursor: nwse-resize !important;}
.supportGrid\@cursor-pointer{cursor: pointer !important;}
.supportGrid\@cursor-progress{cursor: progress !important;}
.supportGrid\@cursor-row-resize{cursor: row-resize !important;}
.supportGrid\@cursor-s-resize{cursor: s-resize !important;}
.supportGrid\@cursor-se-resize{cursor: se-resize !important;}
.supportGrid\@cursor-sw-resize{cursor: sw-resize !important;}
.supportGrid\@cursor-text{cursor: text !important;}
.supportGrid\@cursor-vertical-text{cursor: vertical-text !important;}
.supportGrid\@cursor-w-resize{cursor: w-resize !important;}
.supportGrid\@cursor-wait{cursor: wait !important;}
.supportGrid\@cursor-zoom-in{cursor: zoom-in !important;}
.supportGrid\@cursor-zoom-out{cursor: zoom-out !important;}
}