/* layer: 00380 */
.active\:overflow-auto:active,
.any-link\:overflow-auto:any-link,
.blank\:overflow-auto:blank,
.checked\:overflow-auto:checked,
.current\:overflow-auto:current,
.default\:overflow-auto:default,
.defined\:overflow-auto:defined,
.disabled\:overflow-auto:disabled,
.drop\:overflow-auto:drop,
.empty\:overflow-auto:empty,
.enabled\:overflow-auto:enabled,
.first-child\:overflow-auto:first-child,
.first-of-type\:overflow-auto:first-of-type,
.first\:overflow-auto:first,
.focus-visible\:overflow-auto:focus-visible,
.focus-within\:overflow-auto:focus-within,
.focus\:overflow-auto:focus,
.fullscreen\:overflow-auto:fullscreen,
.future\:overflow-auto:future,
.host\:overflow-auto:host,
.hover\:overflow-auto:hover,
.in-range\:overflow-auto:in-range,
.indeterminate\:overflow-auto:indeterminate,
.invalid\:overflow-auto:invalid,
.last-child\:overflow-auto:last-child,
.last-of-type\:overflow-auto:last-of-type,
.left\:overflow-auto:left,
.link\:overflow-auto:link,
.local-link\:overflow-auto:local-link,
.only-child\:overflow-auto:only-child,
.only-of-type\:overflow-auto:only-of-type,
.optional\:overflow-auto:optional,
.out-of-range\:overflow-auto:out-of-range,
.overflow-auto,
.past\:overflow-auto:past,
.placeholder-shown\:overflow-auto:placeholder-shown,
.read-only\:overflow-auto:read-only,
.read-write\:overflow-auto:read-write,
.required\:overflow-auto:required,
.right\:overflow-auto:right,
.root\:overflow-auto:root,
.scope\:overflow-auto:scope,
.target-within\:overflow-auto:target-within,
.target\:overflow-auto:target,
.user-invalid\:overflow-auto:user-invalid,
.valid\:overflow-auto:valid,
.visited\:overflow-auto:visited{overflow: auto !important;}
.active\:overflow-hidden:active,
.any-link\:overflow-hidden:any-link,
.blank\:overflow-hidden:blank,
.checked\:overflow-hidden:checked,
.current\:overflow-hidden:current,
.default\:overflow-hidden:default,
.defined\:overflow-hidden:defined,
.disabled\:overflow-hidden:disabled,
.drop\:overflow-hidden:drop,
.empty\:overflow-hidden:empty,
.enabled\:overflow-hidden:enabled,
.first-child\:overflow-hidden:first-child,
.first-of-type\:overflow-hidden:first-of-type,
.first\:overflow-hidden:first,
.focus-visible\:overflow-hidden:focus-visible,
.focus-within\:overflow-hidden:focus-within,
.focus\:overflow-hidden:focus,
.fullscreen\:overflow-hidden:fullscreen,
.future\:overflow-hidden:future,
.host\:overflow-hidden:host,
.hover\:overflow-hidden:hover,
.in-range\:overflow-hidden:in-range,
.indeterminate\:overflow-hidden:indeterminate,
.invalid\:overflow-hidden:invalid,
.last-child\:overflow-hidden:last-child,
.last-of-type\:overflow-hidden:last-of-type,
.left\:overflow-hidden:left,
.link\:overflow-hidden:link,
.local-link\:overflow-hidden:local-link,
.only-child\:overflow-hidden:only-child,
.only-of-type\:overflow-hidden:only-of-type,
.optional\:overflow-hidden:optional,
.out-of-range\:overflow-hidden:out-of-range,
.overflow-hidden,
.past\:overflow-hidden:past,
.placeholder-shown\:overflow-hidden:placeholder-shown,
.read-only\:overflow-hidden:read-only,
.read-write\:overflow-hidden:read-write,
.required\:overflow-hidden:required,
.right\:overflow-hidden:right,
.root\:overflow-hidden:root,
.scope\:overflow-hidden:scope,
.target-within\:overflow-hidden:target-within,
.target\:overflow-hidden:target,
.user-invalid\:overflow-hidden:user-invalid,
.valid\:overflow-hidden:valid,
.visited\:overflow-hidden:visited{overflow: hidden !important;}
.active\:overflow-inherit:active,
.any-link\:overflow-inherit:any-link,
.blank\:overflow-inherit:blank,
.checked\:overflow-inherit:checked,
.current\:overflow-inherit:current,
.default\:overflow-inherit:default,
.defined\:overflow-inherit:defined,
.disabled\:overflow-inherit:disabled,
.drop\:overflow-inherit:drop,
.empty\:overflow-inherit:empty,
.enabled\:overflow-inherit:enabled,
.first-child\:overflow-inherit:first-child,
.first-of-type\:overflow-inherit:first-of-type,
.first\:overflow-inherit:first,
.focus-visible\:overflow-inherit:focus-visible,
.focus-within\:overflow-inherit:focus-within,
.focus\:overflow-inherit:focus,
.fullscreen\:overflow-inherit:fullscreen,
.future\:overflow-inherit:future,
.host\:overflow-inherit:host,
.hover\:overflow-inherit:hover,
.in-range\:overflow-inherit:in-range,
.indeterminate\:overflow-inherit:indeterminate,
.invalid\:overflow-inherit:invalid,
.last-child\:overflow-inherit:last-child,
.last-of-type\:overflow-inherit:last-of-type,
.left\:overflow-inherit:left,
.link\:overflow-inherit:link,
.local-link\:overflow-inherit:local-link,
.only-child\:overflow-inherit:only-child,
.only-of-type\:overflow-inherit:only-of-type,
.optional\:overflow-inherit:optional,
.out-of-range\:overflow-inherit:out-of-range,
.overflow-inherit,
.past\:overflow-inherit:past,
.placeholder-shown\:overflow-inherit:placeholder-shown,
.read-only\:overflow-inherit:read-only,
.read-write\:overflow-inherit:read-write,
.required\:overflow-inherit:required,
.right\:overflow-inherit:right,
.root\:overflow-inherit:root,
.scope\:overflow-inherit:scope,
.target-within\:overflow-inherit:target-within,
.target\:overflow-inherit:target,
.user-invalid\:overflow-inherit:user-invalid,
.valid\:overflow-inherit:valid,
.visited\:overflow-inherit:visited{overflow: inherit !important;}
.active\:overflow-scroll:active,
.any-link\:overflow-scroll:any-link,
.blank\:overflow-scroll:blank,
.checked\:overflow-scroll:checked,
.current\:overflow-scroll:current,
.default\:overflow-scroll:default,
.defined\:overflow-scroll:defined,
.disabled\:overflow-scroll:disabled,
.drop\:overflow-scroll:drop,
.empty\:overflow-scroll:empty,
.enabled\:overflow-scroll:enabled,
.first-child\:overflow-scroll:first-child,
.first-of-type\:overflow-scroll:first-of-type,
.first\:overflow-scroll:first,
.focus-visible\:overflow-scroll:focus-visible,
.focus-within\:overflow-scroll:focus-within,
.focus\:overflow-scroll:focus,
.fullscreen\:overflow-scroll:fullscreen,
.future\:overflow-scroll:future,
.host\:overflow-scroll:host,
.hover\:overflow-scroll:hover,
.in-range\:overflow-scroll:in-range,
.indeterminate\:overflow-scroll:indeterminate,
.invalid\:overflow-scroll:invalid,
.last-child\:overflow-scroll:last-child,
.last-of-type\:overflow-scroll:last-of-type,
.left\:overflow-scroll:left,
.link\:overflow-scroll:link,
.local-link\:overflow-scroll:local-link,
.only-child\:overflow-scroll:only-child,
.only-of-type\:overflow-scroll:only-of-type,
.optional\:overflow-scroll:optional,
.out-of-range\:overflow-scroll:out-of-range,
.overflow-scroll,
.past\:overflow-scroll:past,
.placeholder-shown\:overflow-scroll:placeholder-shown,
.read-only\:overflow-scroll:read-only,
.read-write\:overflow-scroll:read-write,
.required\:overflow-scroll:required,
.right\:overflow-scroll:right,
.root\:overflow-scroll:root,
.scope\:overflow-scroll:scope,
.target-within\:overflow-scroll:target-within,
.target\:overflow-scroll:target,
.user-invalid\:overflow-scroll:user-invalid,
.valid\:overflow-scroll:valid,
.visited\:overflow-scroll:visited{overflow: scroll !important;}
.active\:overflow-visible:active,
.any-link\:overflow-visible:any-link,
.blank\:overflow-visible:blank,
.checked\:overflow-visible:checked,
.current\:overflow-visible:current,
.default\:overflow-visible:default,
.defined\:overflow-visible:defined,
.disabled\:overflow-visible:disabled,
.drop\:overflow-visible:drop,
.empty\:overflow-visible:empty,
.enabled\:overflow-visible:enabled,
.first-child\:overflow-visible:first-child,
.first-of-type\:overflow-visible:first-of-type,
.first\:overflow-visible:first,
.focus-visible\:overflow-visible:focus-visible,
.focus-within\:overflow-visible:focus-within,
.focus\:overflow-visible:focus,
.fullscreen\:overflow-visible:fullscreen,
.future\:overflow-visible:future,
.host\:overflow-visible:host,
.hover\:overflow-visible:hover,
.in-range\:overflow-visible:in-range,
.indeterminate\:overflow-visible:indeterminate,
.invalid\:overflow-visible:invalid,
.last-child\:overflow-visible:last-child,
.last-of-type\:overflow-visible:last-of-type,
.left\:overflow-visible:left,
.link\:overflow-visible:link,
.local-link\:overflow-visible:local-link,
.only-child\:overflow-visible:only-child,
.only-of-type\:overflow-visible:only-of-type,
.optional\:overflow-visible:optional,
.out-of-range\:overflow-visible:out-of-range,
.overflow-visible,
.past\:overflow-visible:past,
.placeholder-shown\:overflow-visible:placeholder-shown,
.read-only\:overflow-visible:read-only,
.read-write\:overflow-visible:read-write,
.required\:overflow-visible:required,
.right\:overflow-visible:right,
.root\:overflow-visible:root,
.scope\:overflow-visible:scope,
.target-within\:overflow-visible:target-within,
.target\:overflow-visible:target,
.user-invalid\:overflow-visible:user-invalid,
.valid\:overflow-visible:valid,
.visited\:overflow-visible:visited{overflow: visible !important;}
.active\:overflow-x-auto:active,
.any-link\:overflow-x-auto:any-link,
.blank\:overflow-x-auto:blank,
.checked\:overflow-x-auto:checked,
.current\:overflow-x-auto:current,
.default\:overflow-x-auto:default,
.defined\:overflow-x-auto:defined,
.disabled\:overflow-x-auto:disabled,
.drop\:overflow-x-auto:drop,
.empty\:overflow-x-auto:empty,
.enabled\:overflow-x-auto:enabled,
.first-child\:overflow-x-auto:first-child,
.first-of-type\:overflow-x-auto:first-of-type,
.first\:overflow-x-auto:first,
.focus-visible\:overflow-x-auto:focus-visible,
.focus-within\:overflow-x-auto:focus-within,
.focus\:overflow-x-auto:focus,
.fullscreen\:overflow-x-auto:fullscreen,
.future\:overflow-x-auto:future,
.host\:overflow-x-auto:host,
.hover\:overflow-x-auto:hover,
.in-range\:overflow-x-auto:in-range,
.indeterminate\:overflow-x-auto:indeterminate,
.invalid\:overflow-x-auto:invalid,
.last-child\:overflow-x-auto:last-child,
.last-of-type\:overflow-x-auto:last-of-type,
.left\:overflow-x-auto:left,
.link\:overflow-x-auto:link,
.local-link\:overflow-x-auto:local-link,
.only-child\:overflow-x-auto:only-child,
.only-of-type\:overflow-x-auto:only-of-type,
.optional\:overflow-x-auto:optional,
.out-of-range\:overflow-x-auto:out-of-range,
.overflow-x-auto,
.past\:overflow-x-auto:past,
.placeholder-shown\:overflow-x-auto:placeholder-shown,
.read-only\:overflow-x-auto:read-only,
.read-write\:overflow-x-auto:read-write,
.required\:overflow-x-auto:required,
.right\:overflow-x-auto:right,
.root\:overflow-x-auto:root,
.scope\:overflow-x-auto:scope,
.target-within\:overflow-x-auto:target-within,
.target\:overflow-x-auto:target,
.user-invalid\:overflow-x-auto:user-invalid,
.valid\:overflow-x-auto:valid,
.visited\:overflow-x-auto:visited{overflow-x: auto !important;}
.active\:overflow-x-hidden:active,
.any-link\:overflow-x-hidden:any-link,
.blank\:overflow-x-hidden:blank,
.checked\:overflow-x-hidden:checked,
.current\:overflow-x-hidden:current,
.default\:overflow-x-hidden:default,
.defined\:overflow-x-hidden:defined,
.disabled\:overflow-x-hidden:disabled,
.drop\:overflow-x-hidden:drop,
.empty\:overflow-x-hidden:empty,
.enabled\:overflow-x-hidden:enabled,
.first-child\:overflow-x-hidden:first-child,
.first-of-type\:overflow-x-hidden:first-of-type,
.first\:overflow-x-hidden:first,
.focus-visible\:overflow-x-hidden:focus-visible,
.focus-within\:overflow-x-hidden:focus-within,
.focus\:overflow-x-hidden:focus,
.fullscreen\:overflow-x-hidden:fullscreen,
.future\:overflow-x-hidden:future,
.host\:overflow-x-hidden:host,
.hover\:overflow-x-hidden:hover,
.in-range\:overflow-x-hidden:in-range,
.indeterminate\:overflow-x-hidden:indeterminate,
.invalid\:overflow-x-hidden:invalid,
.last-child\:overflow-x-hidden:last-child,
.last-of-type\:overflow-x-hidden:last-of-type,
.left\:overflow-x-hidden:left,
.link\:overflow-x-hidden:link,
.local-link\:overflow-x-hidden:local-link,
.only-child\:overflow-x-hidden:only-child,
.only-of-type\:overflow-x-hidden:only-of-type,
.optional\:overflow-x-hidden:optional,
.out-of-range\:overflow-x-hidden:out-of-range,
.overflow-x-hidden,
.past\:overflow-x-hidden:past,
.placeholder-shown\:overflow-x-hidden:placeholder-shown,
.read-only\:overflow-x-hidden:read-only,
.read-write\:overflow-x-hidden:read-write,
.required\:overflow-x-hidden:required,
.right\:overflow-x-hidden:right,
.root\:overflow-x-hidden:root,
.scope\:overflow-x-hidden:scope,
.target-within\:overflow-x-hidden:target-within,
.target\:overflow-x-hidden:target,
.user-invalid\:overflow-x-hidden:user-invalid,
.valid\:overflow-x-hidden:valid,
.visited\:overflow-x-hidden:visited{overflow-x: hidden !important;}
.active\:overflow-x-inherit:active,
.any-link\:overflow-x-inherit:any-link,
.blank\:overflow-x-inherit:blank,
.checked\:overflow-x-inherit:checked,
.current\:overflow-x-inherit:current,
.default\:overflow-x-inherit:default,
.defined\:overflow-x-inherit:defined,
.disabled\:overflow-x-inherit:disabled,
.drop\:overflow-x-inherit:drop,
.empty\:overflow-x-inherit:empty,
.enabled\:overflow-x-inherit:enabled,
.first-child\:overflow-x-inherit:first-child,
.first-of-type\:overflow-x-inherit:first-of-type,
.first\:overflow-x-inherit:first,
.focus-visible\:overflow-x-inherit:focus-visible,
.focus-within\:overflow-x-inherit:focus-within,
.focus\:overflow-x-inherit:focus,
.fullscreen\:overflow-x-inherit:fullscreen,
.future\:overflow-x-inherit:future,
.host\:overflow-x-inherit:host,
.hover\:overflow-x-inherit:hover,
.in-range\:overflow-x-inherit:in-range,
.indeterminate\:overflow-x-inherit:indeterminate,
.invalid\:overflow-x-inherit:invalid,
.last-child\:overflow-x-inherit:last-child,
.last-of-type\:overflow-x-inherit:last-of-type,
.left\:overflow-x-inherit:left,
.link\:overflow-x-inherit:link,
.local-link\:overflow-x-inherit:local-link,
.only-child\:overflow-x-inherit:only-child,
.only-of-type\:overflow-x-inherit:only-of-type,
.optional\:overflow-x-inherit:optional,
.out-of-range\:overflow-x-inherit:out-of-range,
.overflow-x-inherit,
.past\:overflow-x-inherit:past,
.placeholder-shown\:overflow-x-inherit:placeholder-shown,
.read-only\:overflow-x-inherit:read-only,
.read-write\:overflow-x-inherit:read-write,
.required\:overflow-x-inherit:required,
.right\:overflow-x-inherit:right,
.root\:overflow-x-inherit:root,
.scope\:overflow-x-inherit:scope,
.target-within\:overflow-x-inherit:target-within,
.target\:overflow-x-inherit:target,
.user-invalid\:overflow-x-inherit:user-invalid,
.valid\:overflow-x-inherit:valid,
.visited\:overflow-x-inherit:visited{overflow-x: inherit !important;}
.active\:overflow-x-scroll:active,
.any-link\:overflow-x-scroll:any-link,
.blank\:overflow-x-scroll:blank,
.checked\:overflow-x-scroll:checked,
.current\:overflow-x-scroll:current,
.default\:overflow-x-scroll:default,
.defined\:overflow-x-scroll:defined,
.disabled\:overflow-x-scroll:disabled,
.drop\:overflow-x-scroll:drop,
.empty\:overflow-x-scroll:empty,
.enabled\:overflow-x-scroll:enabled,
.first-child\:overflow-x-scroll:first-child,
.first-of-type\:overflow-x-scroll:first-of-type,
.first\:overflow-x-scroll:first,
.focus-visible\:overflow-x-scroll:focus-visible,
.focus-within\:overflow-x-scroll:focus-within,
.focus\:overflow-x-scroll:focus,
.fullscreen\:overflow-x-scroll:fullscreen,
.future\:overflow-x-scroll:future,
.host\:overflow-x-scroll:host,
.hover\:overflow-x-scroll:hover,
.in-range\:overflow-x-scroll:in-range,
.indeterminate\:overflow-x-scroll:indeterminate,
.invalid\:overflow-x-scroll:invalid,
.last-child\:overflow-x-scroll:last-child,
.last-of-type\:overflow-x-scroll:last-of-type,
.left\:overflow-x-scroll:left,
.link\:overflow-x-scroll:link,
.local-link\:overflow-x-scroll:local-link,
.only-child\:overflow-x-scroll:only-child,
.only-of-type\:overflow-x-scroll:only-of-type,
.optional\:overflow-x-scroll:optional,
.out-of-range\:overflow-x-scroll:out-of-range,
.overflow-x-scroll,
.past\:overflow-x-scroll:past,
.placeholder-shown\:overflow-x-scroll:placeholder-shown,
.read-only\:overflow-x-scroll:read-only,
.read-write\:overflow-x-scroll:read-write,
.required\:overflow-x-scroll:required,
.right\:overflow-x-scroll:right,
.root\:overflow-x-scroll:root,
.scope\:overflow-x-scroll:scope,
.target-within\:overflow-x-scroll:target-within,
.target\:overflow-x-scroll:target,
.user-invalid\:overflow-x-scroll:user-invalid,
.valid\:overflow-x-scroll:valid,
.visited\:overflow-x-scroll:visited{overflow-x: scroll !important;}
.active\:overflow-x-visible:active,
.any-link\:overflow-x-visible:any-link,
.blank\:overflow-x-visible:blank,
.checked\:overflow-x-visible:checked,
.current\:overflow-x-visible:current,
.default\:overflow-x-visible:default,
.defined\:overflow-x-visible:defined,
.disabled\:overflow-x-visible:disabled,
.drop\:overflow-x-visible:drop,
.empty\:overflow-x-visible:empty,
.enabled\:overflow-x-visible:enabled,
.first-child\:overflow-x-visible:first-child,
.first-of-type\:overflow-x-visible:first-of-type,
.first\:overflow-x-visible:first,
.focus-visible\:overflow-x-visible:focus-visible,
.focus-within\:overflow-x-visible:focus-within,
.focus\:overflow-x-visible:focus,
.fullscreen\:overflow-x-visible:fullscreen,
.future\:overflow-x-visible:future,
.host\:overflow-x-visible:host,
.hover\:overflow-x-visible:hover,
.in-range\:overflow-x-visible:in-range,
.indeterminate\:overflow-x-visible:indeterminate,
.invalid\:overflow-x-visible:invalid,
.last-child\:overflow-x-visible:last-child,
.last-of-type\:overflow-x-visible:last-of-type,
.left\:overflow-x-visible:left,
.link\:overflow-x-visible:link,
.local-link\:overflow-x-visible:local-link,
.only-child\:overflow-x-visible:only-child,
.only-of-type\:overflow-x-visible:only-of-type,
.optional\:overflow-x-visible:optional,
.out-of-range\:overflow-x-visible:out-of-range,
.overflow-x-visible,
.past\:overflow-x-visible:past,
.placeholder-shown\:overflow-x-visible:placeholder-shown,
.read-only\:overflow-x-visible:read-only,
.read-write\:overflow-x-visible:read-write,
.required\:overflow-x-visible:required,
.right\:overflow-x-visible:right,
.root\:overflow-x-visible:root,
.scope\:overflow-x-visible:scope,
.target-within\:overflow-x-visible:target-within,
.target\:overflow-x-visible:target,
.user-invalid\:overflow-x-visible:user-invalid,
.valid\:overflow-x-visible:valid,
.visited\:overflow-x-visible:visited{overflow-x: visible !important;}
.active\:overflow-y-auto:active,
.any-link\:overflow-y-auto:any-link,
.blank\:overflow-y-auto:blank,
.checked\:overflow-y-auto:checked,
.current\:overflow-y-auto:current,
.default\:overflow-y-auto:default,
.defined\:overflow-y-auto:defined,
.disabled\:overflow-y-auto:disabled,
.drop\:overflow-y-auto:drop,
.empty\:overflow-y-auto:empty,
.enabled\:overflow-y-auto:enabled,
.first-child\:overflow-y-auto:first-child,
.first-of-type\:overflow-y-auto:first-of-type,
.first\:overflow-y-auto:first,
.focus-visible\:overflow-y-auto:focus-visible,
.focus-within\:overflow-y-auto:focus-within,
.focus\:overflow-y-auto:focus,
.fullscreen\:overflow-y-auto:fullscreen,
.future\:overflow-y-auto:future,
.host\:overflow-y-auto:host,
.hover\:overflow-y-auto:hover,
.in-range\:overflow-y-auto:in-range,
.indeterminate\:overflow-y-auto:indeterminate,
.invalid\:overflow-y-auto:invalid,
.last-child\:overflow-y-auto:last-child,
.last-of-type\:overflow-y-auto:last-of-type,
.left\:overflow-y-auto:left,
.link\:overflow-y-auto:link,
.local-link\:overflow-y-auto:local-link,
.only-child\:overflow-y-auto:only-child,
.only-of-type\:overflow-y-auto:only-of-type,
.optional\:overflow-y-auto:optional,
.out-of-range\:overflow-y-auto:out-of-range,
.overflow-y-auto,
.past\:overflow-y-auto:past,
.placeholder-shown\:overflow-y-auto:placeholder-shown,
.read-only\:overflow-y-auto:read-only,
.read-write\:overflow-y-auto:read-write,
.required\:overflow-y-auto:required,
.right\:overflow-y-auto:right,
.root\:overflow-y-auto:root,
.scope\:overflow-y-auto:scope,
.target-within\:overflow-y-auto:target-within,
.target\:overflow-y-auto:target,
.user-invalid\:overflow-y-auto:user-invalid,
.valid\:overflow-y-auto:valid,
.visited\:overflow-y-auto:visited{overflow-y: auto !important;}
.active\:overflow-y-hidden:active,
.any-link\:overflow-y-hidden:any-link,
.blank\:overflow-y-hidden:blank,
.checked\:overflow-y-hidden:checked,
.current\:overflow-y-hidden:current,
.default\:overflow-y-hidden:default,
.defined\:overflow-y-hidden:defined,
.disabled\:overflow-y-hidden:disabled,
.drop\:overflow-y-hidden:drop,
.empty\:overflow-y-hidden:empty,
.enabled\:overflow-y-hidden:enabled,
.first-child\:overflow-y-hidden:first-child,
.first-of-type\:overflow-y-hidden:first-of-type,
.first\:overflow-y-hidden:first,
.focus-visible\:overflow-y-hidden:focus-visible,
.focus-within\:overflow-y-hidden:focus-within,
.focus\:overflow-y-hidden:focus,
.fullscreen\:overflow-y-hidden:fullscreen,
.future\:overflow-y-hidden:future,
.host\:overflow-y-hidden:host,
.hover\:overflow-y-hidden:hover,
.in-range\:overflow-y-hidden:in-range,
.indeterminate\:overflow-y-hidden:indeterminate,
.invalid\:overflow-y-hidden:invalid,
.last-child\:overflow-y-hidden:last-child,
.last-of-type\:overflow-y-hidden:last-of-type,
.left\:overflow-y-hidden:left,
.link\:overflow-y-hidden:link,
.local-link\:overflow-y-hidden:local-link,
.only-child\:overflow-y-hidden:only-child,
.only-of-type\:overflow-y-hidden:only-of-type,
.optional\:overflow-y-hidden:optional,
.out-of-range\:overflow-y-hidden:out-of-range,
.overflow-y-hidden,
.past\:overflow-y-hidden:past,
.placeholder-shown\:overflow-y-hidden:placeholder-shown,
.read-only\:overflow-y-hidden:read-only,
.read-write\:overflow-y-hidden:read-write,
.required\:overflow-y-hidden:required,
.right\:overflow-y-hidden:right,
.root\:overflow-y-hidden:root,
.scope\:overflow-y-hidden:scope,
.target-within\:overflow-y-hidden:target-within,
.target\:overflow-y-hidden:target,
.user-invalid\:overflow-y-hidden:user-invalid,
.valid\:overflow-y-hidden:valid,
.visited\:overflow-y-hidden:visited{overflow-y: hidden !important;}
.active\:overflow-y-inherit:active,
.any-link\:overflow-y-inherit:any-link,
.blank\:overflow-y-inherit:blank,
.checked\:overflow-y-inherit:checked,
.current\:overflow-y-inherit:current,
.default\:overflow-y-inherit:default,
.defined\:overflow-y-inherit:defined,
.disabled\:overflow-y-inherit:disabled,
.drop\:overflow-y-inherit:drop,
.empty\:overflow-y-inherit:empty,
.enabled\:overflow-y-inherit:enabled,
.first-child\:overflow-y-inherit:first-child,
.first-of-type\:overflow-y-inherit:first-of-type,
.first\:overflow-y-inherit:first,
.focus-visible\:overflow-y-inherit:focus-visible,
.focus-within\:overflow-y-inherit:focus-within,
.focus\:overflow-y-inherit:focus,
.fullscreen\:overflow-y-inherit:fullscreen,
.future\:overflow-y-inherit:future,
.host\:overflow-y-inherit:host,
.hover\:overflow-y-inherit:hover,
.in-range\:overflow-y-inherit:in-range,
.indeterminate\:overflow-y-inherit:indeterminate,
.invalid\:overflow-y-inherit:invalid,
.last-child\:overflow-y-inherit:last-child,
.last-of-type\:overflow-y-inherit:last-of-type,
.left\:overflow-y-inherit:left,
.link\:overflow-y-inherit:link,
.local-link\:overflow-y-inherit:local-link,
.only-child\:overflow-y-inherit:only-child,
.only-of-type\:overflow-y-inherit:only-of-type,
.optional\:overflow-y-inherit:optional,
.out-of-range\:overflow-y-inherit:out-of-range,
.overflow-y-inherit,
.past\:overflow-y-inherit:past,
.placeholder-shown\:overflow-y-inherit:placeholder-shown,
.read-only\:overflow-y-inherit:read-only,
.read-write\:overflow-y-inherit:read-write,
.required\:overflow-y-inherit:required,
.right\:overflow-y-inherit:right,
.root\:overflow-y-inherit:root,
.scope\:overflow-y-inherit:scope,
.target-within\:overflow-y-inherit:target-within,
.target\:overflow-y-inherit:target,
.user-invalid\:overflow-y-inherit:user-invalid,
.valid\:overflow-y-inherit:valid,
.visited\:overflow-y-inherit:visited{overflow-y: inherit !important;}
.active\:overflow-y-scroll:active,
.any-link\:overflow-y-scroll:any-link,
.blank\:overflow-y-scroll:blank,
.checked\:overflow-y-scroll:checked,
.current\:overflow-y-scroll:current,
.default\:overflow-y-scroll:default,
.defined\:overflow-y-scroll:defined,
.disabled\:overflow-y-scroll:disabled,
.drop\:overflow-y-scroll:drop,
.empty\:overflow-y-scroll:empty,
.enabled\:overflow-y-scroll:enabled,
.first-child\:overflow-y-scroll:first-child,
.first-of-type\:overflow-y-scroll:first-of-type,
.first\:overflow-y-scroll:first,
.focus-visible\:overflow-y-scroll:focus-visible,
.focus-within\:overflow-y-scroll:focus-within,
.focus\:overflow-y-scroll:focus,
.fullscreen\:overflow-y-scroll:fullscreen,
.future\:overflow-y-scroll:future,
.host\:overflow-y-scroll:host,
.hover\:overflow-y-scroll:hover,
.in-range\:overflow-y-scroll:in-range,
.indeterminate\:overflow-y-scroll:indeterminate,
.invalid\:overflow-y-scroll:invalid,
.last-child\:overflow-y-scroll:last-child,
.last-of-type\:overflow-y-scroll:last-of-type,
.left\:overflow-y-scroll:left,
.link\:overflow-y-scroll:link,
.local-link\:overflow-y-scroll:local-link,
.only-child\:overflow-y-scroll:only-child,
.only-of-type\:overflow-y-scroll:only-of-type,
.optional\:overflow-y-scroll:optional,
.out-of-range\:overflow-y-scroll:out-of-range,
.overflow-y-scroll,
.past\:overflow-y-scroll:past,
.placeholder-shown\:overflow-y-scroll:placeholder-shown,
.read-only\:overflow-y-scroll:read-only,
.read-write\:overflow-y-scroll:read-write,
.required\:overflow-y-scroll:required,
.right\:overflow-y-scroll:right,
.root\:overflow-y-scroll:root,
.scope\:overflow-y-scroll:scope,
.target-within\:overflow-y-scroll:target-within,
.target\:overflow-y-scroll:target,
.user-invalid\:overflow-y-scroll:user-invalid,
.valid\:overflow-y-scroll:valid,
.visited\:overflow-y-scroll:visited{overflow-y: scroll !important;}
.active\:overflow-y-visible:active,
.any-link\:overflow-y-visible:any-link,
.blank\:overflow-y-visible:blank,
.checked\:overflow-y-visible:checked,
.current\:overflow-y-visible:current,
.default\:overflow-y-visible:default,
.defined\:overflow-y-visible:defined,
.disabled\:overflow-y-visible:disabled,
.drop\:overflow-y-visible:drop,
.empty\:overflow-y-visible:empty,
.enabled\:overflow-y-visible:enabled,
.first-child\:overflow-y-visible:first-child,
.first-of-type\:overflow-y-visible:first-of-type,
.first\:overflow-y-visible:first,
.focus-visible\:overflow-y-visible:focus-visible,
.focus-within\:overflow-y-visible:focus-within,
.focus\:overflow-y-visible:focus,
.fullscreen\:overflow-y-visible:fullscreen,
.future\:overflow-y-visible:future,
.host\:overflow-y-visible:host,
.hover\:overflow-y-visible:hover,
.in-range\:overflow-y-visible:in-range,
.indeterminate\:overflow-y-visible:indeterminate,
.invalid\:overflow-y-visible:invalid,
.last-child\:overflow-y-visible:last-child,
.last-of-type\:overflow-y-visible:last-of-type,
.left\:overflow-y-visible:left,
.link\:overflow-y-visible:link,
.local-link\:overflow-y-visible:local-link,
.only-child\:overflow-y-visible:only-child,
.only-of-type\:overflow-y-visible:only-of-type,
.optional\:overflow-y-visible:optional,
.out-of-range\:overflow-y-visible:out-of-range,
.overflow-y-visible,
.past\:overflow-y-visible:past,
.placeholder-shown\:overflow-y-visible:placeholder-shown,
.read-only\:overflow-y-visible:read-only,
.read-write\:overflow-y-visible:read-write,
.required\:overflow-y-visible:required,
.right\:overflow-y-visible:right,
.root\:overflow-y-visible:root,
.scope\:overflow-y-visible:scope,
.target-within\:overflow-y-visible:target-within,
.target\:overflow-y-visible:target,
.user-invalid\:overflow-y-visible:user-invalid,
.valid\:overflow-y-visible:valid,
.visited\:overflow-y-visible:visited{overflow-y: visible !important;}
@media (min-width: 1024px){
.lg\@overflow-auto{overflow: auto !important;}
.lg\@overflow-hidden{overflow: hidden !important;}
.lg\@overflow-inherit{overflow: inherit !important;}
.lg\@overflow-scroll{overflow: scroll !important;}
.lg\@overflow-visible{overflow: visible !important;}
.lg\@overflow-x-auto{overflow-x: auto !important;}
.lg\@overflow-x-hidden{overflow-x: hidden !important;}
.lg\@overflow-x-inherit{overflow-x: inherit !important;}
.lg\@overflow-x-scroll{overflow-x: scroll !important;}
.lg\@overflow-x-visible{overflow-x: visible !important;}
.lg\@overflow-y-auto{overflow-y: auto !important;}
.lg\@overflow-y-hidden{overflow-y: hidden !important;}
.lg\@overflow-y-inherit{overflow-y: inherit !important;}
.lg\@overflow-y-scroll{overflow-y: scroll !important;}
.lg\@overflow-y-visible{overflow-y: visible !important;}
}
@media (min-width: 1280px){
.xl\@overflow-auto{overflow: auto !important;}
.xl\@overflow-hidden{overflow: hidden !important;}
.xl\@overflow-inherit{overflow: inherit !important;}
.xl\@overflow-scroll{overflow: scroll !important;}
.xl\@overflow-visible{overflow: visible !important;}
.xl\@overflow-x-auto{overflow-x: auto !important;}
.xl\@overflow-x-hidden{overflow-x: hidden !important;}
.xl\@overflow-x-inherit{overflow-x: inherit !important;}
.xl\@overflow-x-scroll{overflow-x: scroll !important;}
.xl\@overflow-x-visible{overflow-x: visible !important;}
.xl\@overflow-y-auto{overflow-y: auto !important;}
.xl\@overflow-y-hidden{overflow-y: hidden !important;}
.xl\@overflow-y-inherit{overflow-y: inherit !important;}
.xl\@overflow-y-scroll{overflow-y: scroll !important;}
.xl\@overflow-y-visible{overflow-y: visible !important;}
}
@media (min-width: 640px){
.sm\@overflow-auto{overflow: auto !important;}
.sm\@overflow-hidden{overflow: hidden !important;}
.sm\@overflow-inherit{overflow: inherit !important;}
.sm\@overflow-scroll{overflow: scroll !important;}
.sm\@overflow-visible{overflow: visible !important;}
.sm\@overflow-x-auto{overflow-x: auto !important;}
.sm\@overflow-x-hidden{overflow-x: hidden !important;}
.sm\@overflow-x-inherit{overflow-x: inherit !important;}
.sm\@overflow-x-scroll{overflow-x: scroll !important;}
.sm\@overflow-x-visible{overflow-x: visible !important;}
.sm\@overflow-y-auto{overflow-y: auto !important;}
.sm\@overflow-y-hidden{overflow-y: hidden !important;}
.sm\@overflow-y-inherit{overflow-y: inherit !important;}
.sm\@overflow-y-scroll{overflow-y: scroll !important;}
.sm\@overflow-y-visible{overflow-y: visible !important;}
}
@media (min-width: 768px){
.md\@overflow-auto{overflow: auto !important;}
.md\@overflow-hidden{overflow: hidden !important;}
.md\@overflow-inherit{overflow: inherit !important;}
.md\@overflow-scroll{overflow: scroll !important;}
.md\@overflow-visible{overflow: visible !important;}
.md\@overflow-x-auto{overflow-x: auto !important;}
.md\@overflow-x-hidden{overflow-x: hidden !important;}
.md\@overflow-x-inherit{overflow-x: inherit !important;}
.md\@overflow-x-scroll{overflow-x: scroll !important;}
.md\@overflow-x-visible{overflow-x: visible !important;}
.md\@overflow-y-auto{overflow-y: auto !important;}
.md\@overflow-y-hidden{overflow-y: hidden !important;}
.md\@overflow-y-inherit{overflow-y: inherit !important;}
.md\@overflow-y-scroll{overflow-y: scroll !important;}
.md\@overflow-y-visible{overflow-y: visible !important;}
}
@supports (display: grid){
.supportGrid\@overflow-auto{overflow: auto !important;}
.supportGrid\@overflow-hidden{overflow: hidden !important;}
.supportGrid\@overflow-inherit{overflow: inherit !important;}
.supportGrid\@overflow-scroll{overflow: scroll !important;}
.supportGrid\@overflow-visible{overflow: visible !important;}
.supportGrid\@overflow-x-auto{overflow-x: auto !important;}
.supportGrid\@overflow-x-hidden{overflow-x: hidden !important;}
.supportGrid\@overflow-x-inherit{overflow-x: inherit !important;}
.supportGrid\@overflow-x-scroll{overflow-x: scroll !important;}
.supportGrid\@overflow-x-visible{overflow-x: visible !important;}
.supportGrid\@overflow-y-auto{overflow-y: auto !important;}
.supportGrid\@overflow-y-hidden{overflow-y: hidden !important;}
.supportGrid\@overflow-y-inherit{overflow-y: inherit !important;}
.supportGrid\@overflow-y-scroll{overflow-y: scroll !important;}
.supportGrid\@overflow-y-visible{overflow-y: visible !important;}
}