/* layer: 00420 */
.active\:text-blink:active,
.active\:text-decoration-blink:active,
.any-link\:text-blink:any-link,
.any-link\:text-decoration-blink:any-link,
.blank\:text-blink:blank,
.blank\:text-decoration-blink:blank,
.checked\:text-blink:checked,
.checked\:text-decoration-blink:checked,
.current\:text-blink:current,
.current\:text-decoration-blink:current,
.default\:text-blink:default,
.default\:text-decoration-blink:default,
.defined\:text-blink:defined,
.defined\:text-decoration-blink:defined,
.disabled\:text-blink:disabled,
.disabled\:text-decoration-blink:disabled,
.drop\:text-blink:drop,
.drop\:text-decoration-blink:drop,
.empty\:text-blink:empty,
.empty\:text-decoration-blink:empty,
.enabled\:text-blink:enabled,
.enabled\:text-decoration-blink:enabled,
.first-child\:text-blink:first-child,
.first-child\:text-decoration-blink:first-child,
.first-of-type\:text-blink:first-of-type,
.first-of-type\:text-decoration-blink:first-of-type,
.first\:text-blink:first,
.first\:text-decoration-blink:first,
.focus-visible\:text-blink:focus-visible,
.focus-visible\:text-decoration-blink:focus-visible,
.focus-within\:text-blink:focus-within,
.focus-within\:text-decoration-blink:focus-within,
.focus\:text-blink:focus,
.focus\:text-decoration-blink:focus,
.fullscreen\:text-blink:fullscreen,
.fullscreen\:text-decoration-blink:fullscreen,
.future\:text-blink:future,
.future\:text-decoration-blink:future,
.host\:text-blink:host,
.host\:text-decoration-blink:host,
.hover\:text-blink:hover,
.hover\:text-decoration-blink:hover,
.in-range\:text-blink:in-range,
.in-range\:text-decoration-blink:in-range,
.indeterminate\:text-blink:indeterminate,
.indeterminate\:text-decoration-blink:indeterminate,
.invalid\:text-blink:invalid,
.invalid\:text-decoration-blink:invalid,
.last-child\:text-blink:last-child,
.last-child\:text-decoration-blink:last-child,
.last-of-type\:text-blink:last-of-type,
.last-of-type\:text-decoration-blink:last-of-type,
.left\:text-blink:left,
.left\:text-decoration-blink:left,
.link\:text-blink:link,
.link\:text-decoration-blink:link,
.local-link\:text-blink:local-link,
.local-link\:text-decoration-blink:local-link,
.only-child\:text-blink:only-child,
.only-child\:text-decoration-blink:only-child,
.only-of-type\:text-blink:only-of-type,
.only-of-type\:text-decoration-blink:only-of-type,
.optional\:text-blink:optional,
.optional\:text-decoration-blink:optional,
.out-of-range\:text-blink:out-of-range,
.out-of-range\:text-decoration-blink:out-of-range,
.past\:text-blink:past,
.past\:text-decoration-blink:past,
.placeholder-shown\:text-blink:placeholder-shown,
.placeholder-shown\:text-decoration-blink:placeholder-shown,
.read-only\:text-blink:read-only,
.read-only\:text-decoration-blink:read-only,
.read-write\:text-blink:read-write,
.read-write\:text-decoration-blink:read-write,
.required\:text-blink:required,
.required\:text-decoration-blink:required,
.right\:text-blink:right,
.right\:text-decoration-blink:right,
.root\:text-blink:root,
.root\:text-decoration-blink:root,
.scope\:text-blink:scope,
.scope\:text-decoration-blink:scope,
.target-within\:text-blink:target-within,
.target-within\:text-decoration-blink:target-within,
.target\:text-blink:target,
.target\:text-decoration-blink:target,
.text-blink,
.text-decoration-blink,
.user-invalid\:text-blink:user-invalid,
.user-invalid\:text-decoration-blink:user-invalid,
.valid\:text-blink:valid,
.valid\:text-decoration-blink:valid,
.visited\:text-blink:visited,
.visited\:text-decoration-blink:visited{text-decoration: blink !important;}
.active\:text-decoration-inherit:active,
.active\:text-inherit:active,
.any-link\:text-decoration-inherit:any-link,
.any-link\:text-inherit:any-link,
.blank\:text-decoration-inherit:blank,
.blank\:text-inherit:blank,
.checked\:text-decoration-inherit:checked,
.checked\:text-inherit:checked,
.current\:text-decoration-inherit:current,
.current\:text-inherit:current,
.default\:text-decoration-inherit:default,
.default\:text-inherit:default,
.defined\:text-decoration-inherit:defined,
.defined\:text-inherit:defined,
.disabled\:text-decoration-inherit:disabled,
.disabled\:text-inherit:disabled,
.drop\:text-decoration-inherit:drop,
.drop\:text-inherit:drop,
.empty\:text-decoration-inherit:empty,
.empty\:text-inherit:empty,
.enabled\:text-decoration-inherit:enabled,
.enabled\:text-inherit:enabled,
.first-child\:text-decoration-inherit:first-child,
.first-child\:text-inherit:first-child,
.first-of-type\:text-decoration-inherit:first-of-type,
.first-of-type\:text-inherit:first-of-type,
.first\:text-decoration-inherit:first,
.first\:text-inherit:first,
.focus-visible\:text-decoration-inherit:focus-visible,
.focus-visible\:text-inherit:focus-visible,
.focus-within\:text-decoration-inherit:focus-within,
.focus-within\:text-inherit:focus-within,
.focus\:text-decoration-inherit:focus,
.focus\:text-inherit:focus,
.fullscreen\:text-decoration-inherit:fullscreen,
.fullscreen\:text-inherit:fullscreen,
.future\:text-decoration-inherit:future,
.future\:text-inherit:future,
.host\:text-decoration-inherit:host,
.host\:text-inherit:host,
.hover\:text-decoration-inherit:hover,
.hover\:text-inherit:hover,
.in-range\:text-decoration-inherit:in-range,
.in-range\:text-inherit:in-range,
.indeterminate\:text-decoration-inherit:indeterminate,
.indeterminate\:text-inherit:indeterminate,
.invalid\:text-decoration-inherit:invalid,
.invalid\:text-inherit:invalid,
.last-child\:text-decoration-inherit:last-child,
.last-child\:text-inherit:last-child,
.last-of-type\:text-decoration-inherit:last-of-type,
.last-of-type\:text-inherit:last-of-type,
.left\:text-decoration-inherit:left,
.left\:text-inherit:left,
.link\:text-decoration-inherit:link,
.link\:text-inherit:link,
.local-link\:text-decoration-inherit:local-link,
.local-link\:text-inherit:local-link,
.only-child\:text-decoration-inherit:only-child,
.only-child\:text-inherit:only-child,
.only-of-type\:text-decoration-inherit:only-of-type,
.only-of-type\:text-inherit:only-of-type,
.optional\:text-decoration-inherit:optional,
.optional\:text-inherit:optional,
.out-of-range\:text-decoration-inherit:out-of-range,
.out-of-range\:text-inherit:out-of-range,
.past\:text-decoration-inherit:past,
.past\:text-inherit:past,
.placeholder-shown\:text-decoration-inherit:placeholder-shown,
.placeholder-shown\:text-inherit:placeholder-shown,
.read-only\:text-decoration-inherit:read-only,
.read-only\:text-inherit:read-only,
.read-write\:text-decoration-inherit:read-write,
.read-write\:text-inherit:read-write,
.required\:text-decoration-inherit:required,
.required\:text-inherit:required,
.right\:text-decoration-inherit:right,
.right\:text-inherit:right,
.root\:text-decoration-inherit:root,
.root\:text-inherit:root,
.scope\:text-decoration-inherit:scope,
.scope\:text-inherit:scope,
.target-within\:text-decoration-inherit:target-within,
.target-within\:text-inherit:target-within,
.target\:text-decoration-inherit:target,
.target\:text-inherit:target,
.text-decoration-inherit,
.text-inherit,
.user-invalid\:text-decoration-inherit:user-invalid,
.user-invalid\:text-inherit:user-invalid,
.valid\:text-decoration-inherit:valid,
.valid\:text-inherit:valid,
.visited\:text-decoration-inherit:visited,
.visited\:text-inherit:visited{text-decoration: inherit !important;}
.active\:text-decoration-line-through:active,
.active\:text-line-through:active,
.any-link\:text-decoration-line-through:any-link,
.any-link\:text-line-through:any-link,
.blank\:text-decoration-line-through:blank,
.blank\:text-line-through:blank,
.checked\:text-decoration-line-through:checked,
.checked\:text-line-through:checked,
.current\:text-decoration-line-through:current,
.current\:text-line-through:current,
.default\:text-decoration-line-through:default,
.default\:text-line-through:default,
.defined\:text-decoration-line-through:defined,
.defined\:text-line-through:defined,
.disabled\:text-decoration-line-through:disabled,
.disabled\:text-line-through:disabled,
.drop\:text-decoration-line-through:drop,
.drop\:text-line-through:drop,
.empty\:text-decoration-line-through:empty,
.empty\:text-line-through:empty,
.enabled\:text-decoration-line-through:enabled,
.enabled\:text-line-through:enabled,
.first-child\:text-decoration-line-through:first-child,
.first-child\:text-line-through:first-child,
.first-of-type\:text-decoration-line-through:first-of-type,
.first-of-type\:text-line-through:first-of-type,
.first\:text-decoration-line-through:first,
.first\:text-line-through:first,
.focus-visible\:text-decoration-line-through:focus-visible,
.focus-visible\:text-line-through:focus-visible,
.focus-within\:text-decoration-line-through:focus-within,
.focus-within\:text-line-through:focus-within,
.focus\:text-decoration-line-through:focus,
.focus\:text-line-through:focus,
.fullscreen\:text-decoration-line-through:fullscreen,
.fullscreen\:text-line-through:fullscreen,
.future\:text-decoration-line-through:future,
.future\:text-line-through:future,
.host\:text-decoration-line-through:host,
.host\:text-line-through:host,
.hover\:text-decoration-line-through:hover,
.hover\:text-line-through:hover,
.in-range\:text-decoration-line-through:in-range,
.in-range\:text-line-through:in-range,
.indeterminate\:text-decoration-line-through:indeterminate,
.indeterminate\:text-line-through:indeterminate,
.invalid\:text-decoration-line-through:invalid,
.invalid\:text-line-through:invalid,
.last-child\:text-decoration-line-through:last-child,
.last-child\:text-line-through:last-child,
.last-of-type\:text-decoration-line-through:last-of-type,
.last-of-type\:text-line-through:last-of-type,
.left\:text-decoration-line-through:left,
.left\:text-line-through:left,
.link\:text-decoration-line-through:link,
.link\:text-line-through:link,
.local-link\:text-decoration-line-through:local-link,
.local-link\:text-line-through:local-link,
.only-child\:text-decoration-line-through:only-child,
.only-child\:text-line-through:only-child,
.only-of-type\:text-decoration-line-through:only-of-type,
.only-of-type\:text-line-through:only-of-type,
.optional\:text-decoration-line-through:optional,
.optional\:text-line-through:optional,
.out-of-range\:text-decoration-line-through:out-of-range,
.out-of-range\:text-line-through:out-of-range,
.past\:text-decoration-line-through:past,
.past\:text-line-through:past,
.placeholder-shown\:text-decoration-line-through:placeholder-shown,
.placeholder-shown\:text-line-through:placeholder-shown,
.read-only\:text-decoration-line-through:read-only,
.read-only\:text-line-through:read-only,
.read-write\:text-decoration-line-through:read-write,
.read-write\:text-line-through:read-write,
.required\:text-decoration-line-through:required,
.required\:text-line-through:required,
.right\:text-decoration-line-through:right,
.right\:text-line-through:right,
.root\:text-decoration-line-through:root,
.root\:text-line-through:root,
.scope\:text-decoration-line-through:scope,
.scope\:text-line-through:scope,
.target-within\:text-decoration-line-through:target-within,
.target-within\:text-line-through:target-within,
.target\:text-decoration-line-through:target,
.target\:text-line-through:target,
.text-decoration-line-through,
.text-line-through,
.user-invalid\:text-decoration-line-through:user-invalid,
.user-invalid\:text-line-through:user-invalid,
.valid\:text-decoration-line-through:valid,
.valid\:text-line-through:valid,
.visited\:text-decoration-line-through:visited,
.visited\:text-line-through:visited{text-decoration: line-through !important;}
.active\:text-decoration-none:active,
.active\:text-none:active,
.any-link\:text-decoration-none:any-link,
.any-link\:text-none:any-link,
.blank\:text-decoration-none:blank,
.blank\:text-none:blank,
.checked\:text-decoration-none:checked,
.checked\:text-none:checked,
.current\:text-decoration-none:current,
.current\:text-none:current,
.default\:text-decoration-none:default,
.default\:text-none:default,
.defined\:text-decoration-none:defined,
.defined\:text-none:defined,
.disabled\:text-decoration-none:disabled,
.disabled\:text-none:disabled,
.drop\:text-decoration-none:drop,
.drop\:text-none:drop,
.empty\:text-decoration-none:empty,
.empty\:text-none:empty,
.enabled\:text-decoration-none:enabled,
.enabled\:text-none:enabled,
.first-child\:text-decoration-none:first-child,
.first-child\:text-none:first-child,
.first-of-type\:text-decoration-none:first-of-type,
.first-of-type\:text-none:first-of-type,
.first\:text-decoration-none:first,
.first\:text-none:first,
.focus-visible\:text-decoration-none:focus-visible,
.focus-visible\:text-none:focus-visible,
.focus-within\:text-decoration-none:focus-within,
.focus-within\:text-none:focus-within,
.focus\:text-decoration-none:focus,
.focus\:text-none:focus,
.fullscreen\:text-decoration-none:fullscreen,
.fullscreen\:text-none:fullscreen,
.future\:text-decoration-none:future,
.future\:text-none:future,
.host\:text-decoration-none:host,
.host\:text-none:host,
.hover\:text-decoration-none:hover,
.hover\:text-none:hover,
.in-range\:text-decoration-none:in-range,
.in-range\:text-none:in-range,
.indeterminate\:text-decoration-none:indeterminate,
.indeterminate\:text-none:indeterminate,
.invalid\:text-decoration-none:invalid,
.invalid\:text-none:invalid,
.last-child\:text-decoration-none:last-child,
.last-child\:text-none:last-child,
.last-of-type\:text-decoration-none:last-of-type,
.last-of-type\:text-none:last-of-type,
.left\:text-decoration-none:left,
.left\:text-none:left,
.link\:text-decoration-none:link,
.link\:text-none:link,
.local-link\:text-decoration-none:local-link,
.local-link\:text-none:local-link,
.only-child\:text-decoration-none:only-child,
.only-child\:text-none:only-child,
.only-of-type\:text-decoration-none:only-of-type,
.only-of-type\:text-none:only-of-type,
.optional\:text-decoration-none:optional,
.optional\:text-none:optional,
.out-of-range\:text-decoration-none:out-of-range,
.out-of-range\:text-none:out-of-range,
.past\:text-decoration-none:past,
.past\:text-none:past,
.placeholder-shown\:text-decoration-none:placeholder-shown,
.placeholder-shown\:text-none:placeholder-shown,
.read-only\:text-decoration-none:read-only,
.read-only\:text-none:read-only,
.read-write\:text-decoration-none:read-write,
.read-write\:text-none:read-write,
.required\:text-decoration-none:required,
.required\:text-none:required,
.right\:text-decoration-none:right,
.right\:text-none:right,
.root\:text-decoration-none:root,
.root\:text-none:root,
.scope\:text-decoration-none:scope,
.scope\:text-none:scope,
.target-within\:text-decoration-none:target-within,
.target-within\:text-none:target-within,
.target\:text-decoration-none:target,
.target\:text-none:target,
.text-decoration-none,
.text-none,
.user-invalid\:text-decoration-none:user-invalid,
.user-invalid\:text-none:user-invalid,
.valid\:text-decoration-none:valid,
.valid\:text-none:valid,
.visited\:text-decoration-none:visited,
.visited\:text-none:visited{text-decoration: none !important;}
.active\:text-decoration-overline:active,
.active\:text-overline:active,
.any-link\:text-decoration-overline:any-link,
.any-link\:text-overline:any-link,
.blank\:text-decoration-overline:blank,
.blank\:text-overline:blank,
.checked\:text-decoration-overline:checked,
.checked\:text-overline:checked,
.current\:text-decoration-overline:current,
.current\:text-overline:current,
.default\:text-decoration-overline:default,
.default\:text-overline:default,
.defined\:text-decoration-overline:defined,
.defined\:text-overline:defined,
.disabled\:text-decoration-overline:disabled,
.disabled\:text-overline:disabled,
.drop\:text-decoration-overline:drop,
.drop\:text-overline:drop,
.empty\:text-decoration-overline:empty,
.empty\:text-overline:empty,
.enabled\:text-decoration-overline:enabled,
.enabled\:text-overline:enabled,
.first-child\:text-decoration-overline:first-child,
.first-child\:text-overline:first-child,
.first-of-type\:text-decoration-overline:first-of-type,
.first-of-type\:text-overline:first-of-type,
.first\:text-decoration-overline:first,
.first\:text-overline:first,
.focus-visible\:text-decoration-overline:focus-visible,
.focus-visible\:text-overline:focus-visible,
.focus-within\:text-decoration-overline:focus-within,
.focus-within\:text-overline:focus-within,
.focus\:text-decoration-overline:focus,
.focus\:text-overline:focus,
.fullscreen\:text-decoration-overline:fullscreen,
.fullscreen\:text-overline:fullscreen,
.future\:text-decoration-overline:future,
.future\:text-overline:future,
.host\:text-decoration-overline:host,
.host\:text-overline:host,
.hover\:text-decoration-overline:hover,
.hover\:text-overline:hover,
.in-range\:text-decoration-overline:in-range,
.in-range\:text-overline:in-range,
.indeterminate\:text-decoration-overline:indeterminate,
.indeterminate\:text-overline:indeterminate,
.invalid\:text-decoration-overline:invalid,
.invalid\:text-overline:invalid,
.last-child\:text-decoration-overline:last-child,
.last-child\:text-overline:last-child,
.last-of-type\:text-decoration-overline:last-of-type,
.last-of-type\:text-overline:last-of-type,
.left\:text-decoration-overline:left,
.left\:text-overline:left,
.link\:text-decoration-overline:link,
.link\:text-overline:link,
.local-link\:text-decoration-overline:local-link,
.local-link\:text-overline:local-link,
.only-child\:text-decoration-overline:only-child,
.only-child\:text-overline:only-child,
.only-of-type\:text-decoration-overline:only-of-type,
.only-of-type\:text-overline:only-of-type,
.optional\:text-decoration-overline:optional,
.optional\:text-overline:optional,
.out-of-range\:text-decoration-overline:out-of-range,
.out-of-range\:text-overline:out-of-range,
.past\:text-decoration-overline:past,
.past\:text-overline:past,
.placeholder-shown\:text-decoration-overline:placeholder-shown,
.placeholder-shown\:text-overline:placeholder-shown,
.read-only\:text-decoration-overline:read-only,
.read-only\:text-overline:read-only,
.read-write\:text-decoration-overline:read-write,
.read-write\:text-overline:read-write,
.required\:text-decoration-overline:required,
.required\:text-overline:required,
.right\:text-decoration-overline:right,
.right\:text-overline:right,
.root\:text-decoration-overline:root,
.root\:text-overline:root,
.scope\:text-decoration-overline:scope,
.scope\:text-overline:scope,
.target-within\:text-decoration-overline:target-within,
.target-within\:text-overline:target-within,
.target\:text-decoration-overline:target,
.target\:text-overline:target,
.text-decoration-overline,
.text-overline,
.user-invalid\:text-decoration-overline:user-invalid,
.user-invalid\:text-overline:user-invalid,
.valid\:text-decoration-overline:valid,
.valid\:text-overline:valid,
.visited\:text-decoration-overline:visited,
.visited\:text-overline:visited{text-decoration: overline !important;}
.active\:text-decoration-underline:active,
.active\:text-underline:active,
.any-link\:text-decoration-underline:any-link,
.any-link\:text-underline:any-link,
.blank\:text-decoration-underline:blank,
.blank\:text-underline:blank,
.checked\:text-decoration-underline:checked,
.checked\:text-underline:checked,
.current\:text-decoration-underline:current,
.current\:text-underline:current,
.default\:text-decoration-underline:default,
.default\:text-underline:default,
.defined\:text-decoration-underline:defined,
.defined\:text-underline:defined,
.disabled\:text-decoration-underline:disabled,
.disabled\:text-underline:disabled,
.drop\:text-decoration-underline:drop,
.drop\:text-underline:drop,
.empty\:text-decoration-underline:empty,
.empty\:text-underline:empty,
.enabled\:text-decoration-underline:enabled,
.enabled\:text-underline:enabled,
.first-child\:text-decoration-underline:first-child,
.first-child\:text-underline:first-child,
.first-of-type\:text-decoration-underline:first-of-type,
.first-of-type\:text-underline:first-of-type,
.first\:text-decoration-underline:first,
.first\:text-underline:first,
.focus-visible\:text-decoration-underline:focus-visible,
.focus-visible\:text-underline:focus-visible,
.focus-within\:text-decoration-underline:focus-within,
.focus-within\:text-underline:focus-within,
.focus\:text-decoration-underline:focus,
.focus\:text-underline:focus,
.fullscreen\:text-decoration-underline:fullscreen,
.fullscreen\:text-underline:fullscreen,
.future\:text-decoration-underline:future,
.future\:text-underline:future,
.host\:text-decoration-underline:host,
.host\:text-underline:host,
.hover\:text-decoration-underline:hover,
.hover\:text-underline:hover,
.in-range\:text-decoration-underline:in-range,
.in-range\:text-underline:in-range,
.indeterminate\:text-decoration-underline:indeterminate,
.indeterminate\:text-underline:indeterminate,
.invalid\:text-decoration-underline:invalid,
.invalid\:text-underline:invalid,
.last-child\:text-decoration-underline:last-child,
.last-child\:text-underline:last-child,
.last-of-type\:text-decoration-underline:last-of-type,
.last-of-type\:text-underline:last-of-type,
.left\:text-decoration-underline:left,
.left\:text-underline:left,
.link\:text-decoration-underline:link,
.link\:text-underline:link,
.local-link\:text-decoration-underline:local-link,
.local-link\:text-underline:local-link,
.only-child\:text-decoration-underline:only-child,
.only-child\:text-underline:only-child,
.only-of-type\:text-decoration-underline:only-of-type,
.only-of-type\:text-underline:only-of-type,
.optional\:text-decoration-underline:optional,
.optional\:text-underline:optional,
.out-of-range\:text-decoration-underline:out-of-range,
.out-of-range\:text-underline:out-of-range,
.past\:text-decoration-underline:past,
.past\:text-underline:past,
.placeholder-shown\:text-decoration-underline:placeholder-shown,
.placeholder-shown\:text-underline:placeholder-shown,
.read-only\:text-decoration-underline:read-only,
.read-only\:text-underline:read-only,
.read-write\:text-decoration-underline:read-write,
.read-write\:text-underline:read-write,
.required\:text-decoration-underline:required,
.required\:text-underline:required,
.right\:text-decoration-underline:right,
.right\:text-underline:right,
.root\:text-decoration-underline:root,
.root\:text-underline:root,
.scope\:text-decoration-underline:scope,
.scope\:text-underline:scope,
.target-within\:text-decoration-underline:target-within,
.target-within\:text-underline:target-within,
.target\:text-decoration-underline:target,
.target\:text-underline:target,
.text-decoration-underline,
.text-underline,
.user-invalid\:text-decoration-underline:user-invalid,
.user-invalid\:text-underline:user-invalid,
.valid\:text-decoration-underline:valid,
.valid\:text-underline:valid,
.visited\:text-decoration-underline:visited,
.visited\:text-underline:visited{text-decoration: underline !important;}
@media (min-width: 1024px){
.lg\@text-blink,
.lg\@text-decoration-blink{text-decoration: blink !important;}
.lg\@text-decoration-inherit,
.lg\@text-inherit{text-decoration: inherit !important;}
.lg\@text-decoration-line-through,
.lg\@text-line-through{text-decoration: line-through !important;}
.lg\@text-decoration-none,
.lg\@text-none{text-decoration: none !important;}
.lg\@text-decoration-overline,
.lg\@text-overline{text-decoration: overline !important;}
.lg\@text-decoration-underline,
.lg\@text-underline{text-decoration: underline !important;}
}
@media (min-width: 1280px){
.xl\@text-blink,
.xl\@text-decoration-blink{text-decoration: blink !important;}
.xl\@text-decoration-inherit,
.xl\@text-inherit{text-decoration: inherit !important;}
.xl\@text-decoration-line-through,
.xl\@text-line-through{text-decoration: line-through !important;}
.xl\@text-decoration-none,
.xl\@text-none{text-decoration: none !important;}
.xl\@text-decoration-overline,
.xl\@text-overline{text-decoration: overline !important;}
.xl\@text-decoration-underline,
.xl\@text-underline{text-decoration: underline !important;}
}
@media (min-width: 640px){
.sm\@text-blink,
.sm\@text-decoration-blink{text-decoration: blink !important;}
.sm\@text-decoration-inherit,
.sm\@text-inherit{text-decoration: inherit !important;}
.sm\@text-decoration-line-through,
.sm\@text-line-through{text-decoration: line-through !important;}
.sm\@text-decoration-none,
.sm\@text-none{text-decoration: none !important;}
.sm\@text-decoration-overline,
.sm\@text-overline{text-decoration: overline !important;}
.sm\@text-decoration-underline,
.sm\@text-underline{text-decoration: underline !important;}
}
@media (min-width: 768px){
.md\@text-blink,
.md\@text-decoration-blink{text-decoration: blink !important;}
.md\@text-decoration-inherit,
.md\@text-inherit{text-decoration: inherit !important;}
.md\@text-decoration-line-through,
.md\@text-line-through{text-decoration: line-through !important;}
.md\@text-decoration-none,
.md\@text-none{text-decoration: none !important;}
.md\@text-decoration-overline,
.md\@text-overline{text-decoration: overline !important;}
.md\@text-decoration-underline,
.md\@text-underline{text-decoration: underline !important;}
}
@supports (display: grid){
.supportGrid\@text-blink,
.supportGrid\@text-decoration-blink{text-decoration: blink !important;}
.supportGrid\@text-decoration-inherit,
.supportGrid\@text-inherit{text-decoration: inherit !important;}
.supportGrid\@text-decoration-line-through,
.supportGrid\@text-line-through{text-decoration: line-through !important;}
.supportGrid\@text-decoration-none,
.supportGrid\@text-none{text-decoration: none !important;}
.supportGrid\@text-decoration-overline,
.supportGrid\@text-overline{text-decoration: overline !important;}
.supportGrid\@text-decoration-underline,
.supportGrid\@text-underline{text-decoration: underline !important;}
}