/* layer: 99999 */
.active\:white-space-break-spaces:active,
.any-link\:white-space-break-spaces:any-link,
.blank\:white-space-break-spaces:blank,
.checked\:white-space-break-spaces:checked,
.current\:white-space-break-spaces:current,
.default\:white-space-break-spaces:default,
.defined\:white-space-break-spaces:defined,
.disabled\:white-space-break-spaces:disabled,
.drop\:white-space-break-spaces:drop,
.empty\:white-space-break-spaces:empty,
.enabled\:white-space-break-spaces:enabled,
.first-child\:white-space-break-spaces:first-child,
.first-of-type\:white-space-break-spaces:first-of-type,
.first\:white-space-break-spaces:first,
.focus-visible\:white-space-break-spaces:focus-visible,
.focus-within\:white-space-break-spaces:focus-within,
.focus\:white-space-break-spaces:focus,
.fullscreen\:white-space-break-spaces:fullscreen,
.future\:white-space-break-spaces:future,
.host\:white-space-break-spaces:host,
.hover\:white-space-break-spaces:hover,
.in-range\:white-space-break-spaces:in-range,
.indeterminate\:white-space-break-spaces:indeterminate,
.invalid\:white-space-break-spaces:invalid,
.last-child\:white-space-break-spaces:last-child,
.last-of-type\:white-space-break-spaces:last-of-type,
.left\:white-space-break-spaces:left,
.link\:white-space-break-spaces:link,
.local-link\:white-space-break-spaces:local-link,
.only-child\:white-space-break-spaces:only-child,
.only-of-type\:white-space-break-spaces:only-of-type,
.optional\:white-space-break-spaces:optional,
.out-of-range\:white-space-break-spaces:out-of-range,
.past\:white-space-break-spaces:past,
.placeholder-shown\:white-space-break-spaces:placeholder-shown,
.read-only\:white-space-break-spaces:read-only,
.read-write\:white-space-break-spaces:read-write,
.required\:white-space-break-spaces:required,
.right\:white-space-break-spaces:right,
.root\:white-space-break-spaces:root,
.scope\:white-space-break-spaces:scope,
.target-within\:white-space-break-spaces:target-within,
.target\:white-space-break-spaces:target,
.user-invalid\:white-space-break-spaces:user-invalid,
.valid\:white-space-break-spaces:valid,
.visited\:white-space-break-spaces:visited,
.white-space-break-spaces{white-space: break-spaces !important;}
.active\:white-space-inherit:active,
.any-link\:white-space-inherit:any-link,
.blank\:white-space-inherit:blank,
.checked\:white-space-inherit:checked,
.current\:white-space-inherit:current,
.default\:white-space-inherit:default,
.defined\:white-space-inherit:defined,
.disabled\:white-space-inherit:disabled,
.drop\:white-space-inherit:drop,
.empty\:white-space-inherit:empty,
.enabled\:white-space-inherit:enabled,
.first-child\:white-space-inherit:first-child,
.first-of-type\:white-space-inherit:first-of-type,
.first\:white-space-inherit:first,
.focus-visible\:white-space-inherit:focus-visible,
.focus-within\:white-space-inherit:focus-within,
.focus\:white-space-inherit:focus,
.fullscreen\:white-space-inherit:fullscreen,
.future\:white-space-inherit:future,
.host\:white-space-inherit:host,
.hover\:white-space-inherit:hover,
.in-range\:white-space-inherit:in-range,
.indeterminate\:white-space-inherit:indeterminate,
.invalid\:white-space-inherit:invalid,
.last-child\:white-space-inherit:last-child,
.last-of-type\:white-space-inherit:last-of-type,
.left\:white-space-inherit:left,
.link\:white-space-inherit:link,
.local-link\:white-space-inherit:local-link,
.only-child\:white-space-inherit:only-child,
.only-of-type\:white-space-inherit:only-of-type,
.optional\:white-space-inherit:optional,
.out-of-range\:white-space-inherit:out-of-range,
.past\:white-space-inherit:past,
.placeholder-shown\:white-space-inherit:placeholder-shown,
.read-only\:white-space-inherit:read-only,
.read-write\:white-space-inherit:read-write,
.required\:white-space-inherit:required,
.right\:white-space-inherit:right,
.root\:white-space-inherit:root,
.scope\:white-space-inherit:scope,
.target-within\:white-space-inherit:target-within,
.target\:white-space-inherit:target,
.user-invalid\:white-space-inherit:user-invalid,
.valid\:white-space-inherit:valid,
.visited\:white-space-inherit:visited,
.white-space-inherit{white-space: inherit !important;}
.active\:white-space-initial:active,
.any-link\:white-space-initial:any-link,
.blank\:white-space-initial:blank,
.checked\:white-space-initial:checked,
.current\:white-space-initial:current,
.default\:white-space-initial:default,
.defined\:white-space-initial:defined,
.disabled\:white-space-initial:disabled,
.drop\:white-space-initial:drop,
.empty\:white-space-initial:empty,
.enabled\:white-space-initial:enabled,
.first-child\:white-space-initial:first-child,
.first-of-type\:white-space-initial:first-of-type,
.first\:white-space-initial:first,
.focus-visible\:white-space-initial:focus-visible,
.focus-within\:white-space-initial:focus-within,
.focus\:white-space-initial:focus,
.fullscreen\:white-space-initial:fullscreen,
.future\:white-space-initial:future,
.host\:white-space-initial:host,
.hover\:white-space-initial:hover,
.in-range\:white-space-initial:in-range,
.indeterminate\:white-space-initial:indeterminate,
.invalid\:white-space-initial:invalid,
.last-child\:white-space-initial:last-child,
.last-of-type\:white-space-initial:last-of-type,
.left\:white-space-initial:left,
.link\:white-space-initial:link,
.local-link\:white-space-initial:local-link,
.only-child\:white-space-initial:only-child,
.only-of-type\:white-space-initial:only-of-type,
.optional\:white-space-initial:optional,
.out-of-range\:white-space-initial:out-of-range,
.past\:white-space-initial:past,
.placeholder-shown\:white-space-initial:placeholder-shown,
.read-only\:white-space-initial:read-only,
.read-write\:white-space-initial:read-write,
.required\:white-space-initial:required,
.right\:white-space-initial:right,
.root\:white-space-initial:root,
.scope\:white-space-initial:scope,
.target-within\:white-space-initial:target-within,
.target\:white-space-initial:target,
.user-invalid\:white-space-initial:user-invalid,
.valid\:white-space-initial:valid,
.visited\:white-space-initial:visited,
.white-space-initial{white-space: initial !important;}
.active\:white-space-normal:active,
.any-link\:white-space-normal:any-link,
.blank\:white-space-normal:blank,
.checked\:white-space-normal:checked,
.current\:white-space-normal:current,
.default\:white-space-normal:default,
.defined\:white-space-normal:defined,
.disabled\:white-space-normal:disabled,
.drop\:white-space-normal:drop,
.empty\:white-space-normal:empty,
.enabled\:white-space-normal:enabled,
.first-child\:white-space-normal:first-child,
.first-of-type\:white-space-normal:first-of-type,
.first\:white-space-normal:first,
.focus-visible\:white-space-normal:focus-visible,
.focus-within\:white-space-normal:focus-within,
.focus\:white-space-normal:focus,
.fullscreen\:white-space-normal:fullscreen,
.future\:white-space-normal:future,
.host\:white-space-normal:host,
.hover\:white-space-normal:hover,
.in-range\:white-space-normal:in-range,
.indeterminate\:white-space-normal:indeterminate,
.invalid\:white-space-normal:invalid,
.last-child\:white-space-normal:last-child,
.last-of-type\:white-space-normal:last-of-type,
.left\:white-space-normal:left,
.link\:white-space-normal:link,
.local-link\:white-space-normal:local-link,
.only-child\:white-space-normal:only-child,
.only-of-type\:white-space-normal:only-of-type,
.optional\:white-space-normal:optional,
.out-of-range\:white-space-normal:out-of-range,
.past\:white-space-normal:past,
.placeholder-shown\:white-space-normal:placeholder-shown,
.read-only\:white-space-normal:read-only,
.read-write\:white-space-normal:read-write,
.required\:white-space-normal:required,
.right\:white-space-normal:right,
.root\:white-space-normal:root,
.scope\:white-space-normal:scope,
.target-within\:white-space-normal:target-within,
.target\:white-space-normal:target,
.user-invalid\:white-space-normal:user-invalid,
.valid\:white-space-normal:valid,
.visited\:white-space-normal:visited,
.white-space-normal{white-space: normal !important;}
.active\:white-space-nowrap:active,
.any-link\:white-space-nowrap:any-link,
.blank\:white-space-nowrap:blank,
.checked\:white-space-nowrap:checked,
.current\:white-space-nowrap:current,
.default\:white-space-nowrap:default,
.defined\:white-space-nowrap:defined,
.disabled\:white-space-nowrap:disabled,
.drop\:white-space-nowrap:drop,
.empty\:white-space-nowrap:empty,
.enabled\:white-space-nowrap:enabled,
.first-child\:white-space-nowrap:first-child,
.first-of-type\:white-space-nowrap:first-of-type,
.first\:white-space-nowrap:first,
.focus-visible\:white-space-nowrap:focus-visible,
.focus-within\:white-space-nowrap:focus-within,
.focus\:white-space-nowrap:focus,
.fullscreen\:white-space-nowrap:fullscreen,
.future\:white-space-nowrap:future,
.host\:white-space-nowrap:host,
.hover\:white-space-nowrap:hover,
.in-range\:white-space-nowrap:in-range,
.indeterminate\:white-space-nowrap:indeterminate,
.invalid\:white-space-nowrap:invalid,
.last-child\:white-space-nowrap:last-child,
.last-of-type\:white-space-nowrap:last-of-type,
.left\:white-space-nowrap:left,
.link\:white-space-nowrap:link,
.local-link\:white-space-nowrap:local-link,
.only-child\:white-space-nowrap:only-child,
.only-of-type\:white-space-nowrap:only-of-type,
.optional\:white-space-nowrap:optional,
.out-of-range\:white-space-nowrap:out-of-range,
.past\:white-space-nowrap:past,
.placeholder-shown\:white-space-nowrap:placeholder-shown,
.read-only\:white-space-nowrap:read-only,
.read-write\:white-space-nowrap:read-write,
.required\:white-space-nowrap:required,
.right\:white-space-nowrap:right,
.root\:white-space-nowrap:root,
.scope\:white-space-nowrap:scope,
.target-within\:white-space-nowrap:target-within,
.target\:white-space-nowrap:target,
.user-invalid\:white-space-nowrap:user-invalid,
.valid\:white-space-nowrap:valid,
.visited\:white-space-nowrap:visited,
.white-space-nowrap{white-space: nowrap !important;}
.active\:white-space-pre-line:active,
.any-link\:white-space-pre-line:any-link,
.blank\:white-space-pre-line:blank,
.checked\:white-space-pre-line:checked,
.current\:white-space-pre-line:current,
.default\:white-space-pre-line:default,
.defined\:white-space-pre-line:defined,
.disabled\:white-space-pre-line:disabled,
.drop\:white-space-pre-line:drop,
.empty\:white-space-pre-line:empty,
.enabled\:white-space-pre-line:enabled,
.first-child\:white-space-pre-line:first-child,
.first-of-type\:white-space-pre-line:first-of-type,
.first\:white-space-pre-line:first,
.focus-visible\:white-space-pre-line:focus-visible,
.focus-within\:white-space-pre-line:focus-within,
.focus\:white-space-pre-line:focus,
.fullscreen\:white-space-pre-line:fullscreen,
.future\:white-space-pre-line:future,
.host\:white-space-pre-line:host,
.hover\:white-space-pre-line:hover,
.in-range\:white-space-pre-line:in-range,
.indeterminate\:white-space-pre-line:indeterminate,
.invalid\:white-space-pre-line:invalid,
.last-child\:white-space-pre-line:last-child,
.last-of-type\:white-space-pre-line:last-of-type,
.left\:white-space-pre-line:left,
.link\:white-space-pre-line:link,
.local-link\:white-space-pre-line:local-link,
.only-child\:white-space-pre-line:only-child,
.only-of-type\:white-space-pre-line:only-of-type,
.optional\:white-space-pre-line:optional,
.out-of-range\:white-space-pre-line:out-of-range,
.past\:white-space-pre-line:past,
.placeholder-shown\:white-space-pre-line:placeholder-shown,
.read-only\:white-space-pre-line:read-only,
.read-write\:white-space-pre-line:read-write,
.required\:white-space-pre-line:required,
.right\:white-space-pre-line:right,
.root\:white-space-pre-line:root,
.scope\:white-space-pre-line:scope,
.target-within\:white-space-pre-line:target-within,
.target\:white-space-pre-line:target,
.user-invalid\:white-space-pre-line:user-invalid,
.valid\:white-space-pre-line:valid,
.visited\:white-space-pre-line:visited,
.white-space-pre-line{white-space: pre-line !important;}
.active\:white-space-pre-wrap:active,
.any-link\:white-space-pre-wrap:any-link,
.blank\:white-space-pre-wrap:blank,
.checked\:white-space-pre-wrap:checked,
.current\:white-space-pre-wrap:current,
.default\:white-space-pre-wrap:default,
.defined\:white-space-pre-wrap:defined,
.disabled\:white-space-pre-wrap:disabled,
.drop\:white-space-pre-wrap:drop,
.empty\:white-space-pre-wrap:empty,
.enabled\:white-space-pre-wrap:enabled,
.first-child\:white-space-pre-wrap:first-child,
.first-of-type\:white-space-pre-wrap:first-of-type,
.first\:white-space-pre-wrap:first,
.focus-visible\:white-space-pre-wrap:focus-visible,
.focus-within\:white-space-pre-wrap:focus-within,
.focus\:white-space-pre-wrap:focus,
.fullscreen\:white-space-pre-wrap:fullscreen,
.future\:white-space-pre-wrap:future,
.host\:white-space-pre-wrap:host,
.hover\:white-space-pre-wrap:hover,
.in-range\:white-space-pre-wrap:in-range,
.indeterminate\:white-space-pre-wrap:indeterminate,
.invalid\:white-space-pre-wrap:invalid,
.last-child\:white-space-pre-wrap:last-child,
.last-of-type\:white-space-pre-wrap:last-of-type,
.left\:white-space-pre-wrap:left,
.link\:white-space-pre-wrap:link,
.local-link\:white-space-pre-wrap:local-link,
.only-child\:white-space-pre-wrap:only-child,
.only-of-type\:white-space-pre-wrap:only-of-type,
.optional\:white-space-pre-wrap:optional,
.out-of-range\:white-space-pre-wrap:out-of-range,
.past\:white-space-pre-wrap:past,
.placeholder-shown\:white-space-pre-wrap:placeholder-shown,
.read-only\:white-space-pre-wrap:read-only,
.read-write\:white-space-pre-wrap:read-write,
.required\:white-space-pre-wrap:required,
.right\:white-space-pre-wrap:right,
.root\:white-space-pre-wrap:root,
.scope\:white-space-pre-wrap:scope,
.target-within\:white-space-pre-wrap:target-within,
.target\:white-space-pre-wrap:target,
.user-invalid\:white-space-pre-wrap:user-invalid,
.valid\:white-space-pre-wrap:valid,
.visited\:white-space-pre-wrap:visited,
.white-space-pre-wrap{white-space: pre-wrap !important;}
.active\:white-space-pre:active,
.any-link\:white-space-pre:any-link,
.blank\:white-space-pre:blank,
.checked\:white-space-pre:checked,
.current\:white-space-pre:current,
.default\:white-space-pre:default,
.defined\:white-space-pre:defined,
.disabled\:white-space-pre:disabled,
.drop\:white-space-pre:drop,
.empty\:white-space-pre:empty,
.enabled\:white-space-pre:enabled,
.first-child\:white-space-pre:first-child,
.first-of-type\:white-space-pre:first-of-type,
.first\:white-space-pre:first,
.focus-visible\:white-space-pre:focus-visible,
.focus-within\:white-space-pre:focus-within,
.focus\:white-space-pre:focus,
.fullscreen\:white-space-pre:fullscreen,
.future\:white-space-pre:future,
.host\:white-space-pre:host,
.hover\:white-space-pre:hover,
.in-range\:white-space-pre:in-range,
.indeterminate\:white-space-pre:indeterminate,
.invalid\:white-space-pre:invalid,
.last-child\:white-space-pre:last-child,
.last-of-type\:white-space-pre:last-of-type,
.left\:white-space-pre:left,
.link\:white-space-pre:link,
.local-link\:white-space-pre:local-link,
.only-child\:white-space-pre:only-child,
.only-of-type\:white-space-pre:only-of-type,
.optional\:white-space-pre:optional,
.out-of-range\:white-space-pre:out-of-range,
.past\:white-space-pre:past,
.placeholder-shown\:white-space-pre:placeholder-shown,
.read-only\:white-space-pre:read-only,
.read-write\:white-space-pre:read-write,
.required\:white-space-pre:required,
.right\:white-space-pre:right,
.root\:white-space-pre:root,
.scope\:white-space-pre:scope,
.target-within\:white-space-pre:target-within,
.target\:white-space-pre:target,
.user-invalid\:white-space-pre:user-invalid,
.valid\:white-space-pre:valid,
.visited\:white-space-pre:visited,
.white-space-pre{white-space: pre !important;}
.active\:white-space-revert-layer:active,
.any-link\:white-space-revert-layer:any-link,
.blank\:white-space-revert-layer:blank,
.checked\:white-space-revert-layer:checked,
.current\:white-space-revert-layer:current,
.default\:white-space-revert-layer:default,
.defined\:white-space-revert-layer:defined,
.disabled\:white-space-revert-layer:disabled,
.drop\:white-space-revert-layer:drop,
.empty\:white-space-revert-layer:empty,
.enabled\:white-space-revert-layer:enabled,
.first-child\:white-space-revert-layer:first-child,
.first-of-type\:white-space-revert-layer:first-of-type,
.first\:white-space-revert-layer:first,
.focus-visible\:white-space-revert-layer:focus-visible,
.focus-within\:white-space-revert-layer:focus-within,
.focus\:white-space-revert-layer:focus,
.fullscreen\:white-space-revert-layer:fullscreen,
.future\:white-space-revert-layer:future,
.host\:white-space-revert-layer:host,
.hover\:white-space-revert-layer:hover,
.in-range\:white-space-revert-layer:in-range,
.indeterminate\:white-space-revert-layer:indeterminate,
.invalid\:white-space-revert-layer:invalid,
.last-child\:white-space-revert-layer:last-child,
.last-of-type\:white-space-revert-layer:last-of-type,
.left\:white-space-revert-layer:left,
.link\:white-space-revert-layer:link,
.local-link\:white-space-revert-layer:local-link,
.only-child\:white-space-revert-layer:only-child,
.only-of-type\:white-space-revert-layer:only-of-type,
.optional\:white-space-revert-layer:optional,
.out-of-range\:white-space-revert-layer:out-of-range,
.past\:white-space-revert-layer:past,
.placeholder-shown\:white-space-revert-layer:placeholder-shown,
.read-only\:white-space-revert-layer:read-only,
.read-write\:white-space-revert-layer:read-write,
.required\:white-space-revert-layer:required,
.right\:white-space-revert-layer:right,
.root\:white-space-revert-layer:root,
.scope\:white-space-revert-layer:scope,
.target-within\:white-space-revert-layer:target-within,
.target\:white-space-revert-layer:target,
.user-invalid\:white-space-revert-layer:user-invalid,
.valid\:white-space-revert-layer:valid,
.visited\:white-space-revert-layer:visited,
.white-space-revert-layer{white-space: revert-layer !important;}
.active\:white-space-revert:active,
.any-link\:white-space-revert:any-link,
.blank\:white-space-revert:blank,
.checked\:white-space-revert:checked,
.current\:white-space-revert:current,
.default\:white-space-revert:default,
.defined\:white-space-revert:defined,
.disabled\:white-space-revert:disabled,
.drop\:white-space-revert:drop,
.empty\:white-space-revert:empty,
.enabled\:white-space-revert:enabled,
.first-child\:white-space-revert:first-child,
.first-of-type\:white-space-revert:first-of-type,
.first\:white-space-revert:first,
.focus-visible\:white-space-revert:focus-visible,
.focus-within\:white-space-revert:focus-within,
.focus\:white-space-revert:focus,
.fullscreen\:white-space-revert:fullscreen,
.future\:white-space-revert:future,
.host\:white-space-revert:host,
.hover\:white-space-revert:hover,
.in-range\:white-space-revert:in-range,
.indeterminate\:white-space-revert:indeterminate,
.invalid\:white-space-revert:invalid,
.last-child\:white-space-revert:last-child,
.last-of-type\:white-space-revert:last-of-type,
.left\:white-space-revert:left,
.link\:white-space-revert:link,
.local-link\:white-space-revert:local-link,
.only-child\:white-space-revert:only-child,
.only-of-type\:white-space-revert:only-of-type,
.optional\:white-space-revert:optional,
.out-of-range\:white-space-revert:out-of-range,
.past\:white-space-revert:past,
.placeholder-shown\:white-space-revert:placeholder-shown,
.read-only\:white-space-revert:read-only,
.read-write\:white-space-revert:read-write,
.required\:white-space-revert:required,
.right\:white-space-revert:right,
.root\:white-space-revert:root,
.scope\:white-space-revert:scope,
.target-within\:white-space-revert:target-within,
.target\:white-space-revert:target,
.user-invalid\:white-space-revert:user-invalid,
.valid\:white-space-revert:valid,
.visited\:white-space-revert:visited,
.white-space-revert{white-space: revert !important;}
.active\:white-space-unset:active,
.any-link\:white-space-unset:any-link,
.blank\:white-space-unset:blank,
.checked\:white-space-unset:checked,
.current\:white-space-unset:current,
.default\:white-space-unset:default,
.defined\:white-space-unset:defined,
.disabled\:white-space-unset:disabled,
.drop\:white-space-unset:drop,
.empty\:white-space-unset:empty,
.enabled\:white-space-unset:enabled,
.first-child\:white-space-unset:first-child,
.first-of-type\:white-space-unset:first-of-type,
.first\:white-space-unset:first,
.focus-visible\:white-space-unset:focus-visible,
.focus-within\:white-space-unset:focus-within,
.focus\:white-space-unset:focus,
.fullscreen\:white-space-unset:fullscreen,
.future\:white-space-unset:future,
.host\:white-space-unset:host,
.hover\:white-space-unset:hover,
.in-range\:white-space-unset:in-range,
.indeterminate\:white-space-unset:indeterminate,
.invalid\:white-space-unset:invalid,
.last-child\:white-space-unset:last-child,
.last-of-type\:white-space-unset:last-of-type,
.left\:white-space-unset:left,
.link\:white-space-unset:link,
.local-link\:white-space-unset:local-link,
.only-child\:white-space-unset:only-child,
.only-of-type\:white-space-unset:only-of-type,
.optional\:white-space-unset:optional,
.out-of-range\:white-space-unset:out-of-range,
.past\:white-space-unset:past,
.placeholder-shown\:white-space-unset:placeholder-shown,
.read-only\:white-space-unset:read-only,
.read-write\:white-space-unset:read-write,
.required\:white-space-unset:required,
.right\:white-space-unset:right,
.root\:white-space-unset:root,
.scope\:white-space-unset:scope,
.target-within\:white-space-unset:target-within,
.target\:white-space-unset:target,
.user-invalid\:white-space-unset:user-invalid,
.valid\:white-space-unset:valid,
.visited\:white-space-unset:visited,
.white-space-unset{white-space: unset !important;}
@media (min-width: 1024px){
.lg\@white-space-break-spaces{white-space: break-spaces !important;}
.lg\@white-space-inherit{white-space: inherit !important;}
.lg\@white-space-initial{white-space: initial !important;}
.lg\@white-space-normal{white-space: normal !important;}
.lg\@white-space-nowrap{white-space: nowrap !important;}
.lg\@white-space-pre{white-space: pre !important;}
.lg\@white-space-pre-line{white-space: pre-line !important;}
.lg\@white-space-pre-wrap{white-space: pre-wrap !important;}
.lg\@white-space-revert{white-space: revert !important;}
.lg\@white-space-revert-layer{white-space: revert-layer !important;}
.lg\@white-space-unset{white-space: unset !important;}
}
@media (min-width: 1280px){
.xl\@white-space-break-spaces{white-space: break-spaces !important;}
.xl\@white-space-inherit{white-space: inherit !important;}
.xl\@white-space-initial{white-space: initial !important;}
.xl\@white-space-normal{white-space: normal !important;}
.xl\@white-space-nowrap{white-space: nowrap !important;}
.xl\@white-space-pre{white-space: pre !important;}
.xl\@white-space-pre-line{white-space: pre-line !important;}
.xl\@white-space-pre-wrap{white-space: pre-wrap !important;}
.xl\@white-space-revert{white-space: revert !important;}
.xl\@white-space-revert-layer{white-space: revert-layer !important;}
.xl\@white-space-unset{white-space: unset !important;}
}
@media (min-width: 640px){
.sm\@white-space-break-spaces{white-space: break-spaces !important;}
.sm\@white-space-inherit{white-space: inherit !important;}
.sm\@white-space-initial{white-space: initial !important;}
.sm\@white-space-normal{white-space: normal !important;}
.sm\@white-space-nowrap{white-space: nowrap !important;}
.sm\@white-space-pre{white-space: pre !important;}
.sm\@white-space-pre-line{white-space: pre-line !important;}
.sm\@white-space-pre-wrap{white-space: pre-wrap !important;}
.sm\@white-space-revert{white-space: revert !important;}
.sm\@white-space-revert-layer{white-space: revert-layer !important;}
.sm\@white-space-unset{white-space: unset !important;}
}
@media (min-width: 768px){
.md\@white-space-break-spaces{white-space: break-spaces !important;}
.md\@white-space-inherit{white-space: inherit !important;}
.md\@white-space-initial{white-space: initial !important;}
.md\@white-space-normal{white-space: normal !important;}
.md\@white-space-nowrap{white-space: nowrap !important;}
.md\@white-space-pre{white-space: pre !important;}
.md\@white-space-pre-line{white-space: pre-line !important;}
.md\@white-space-pre-wrap{white-space: pre-wrap !important;}
.md\@white-space-revert{white-space: revert !important;}
.md\@white-space-revert-layer{white-space: revert-layer !important;}
.md\@white-space-unset{white-space: unset !important;}
}
@supports (display: grid){
.supportGrid\@white-space-break-spaces{white-space: break-spaces !important;}
.supportGrid\@white-space-inherit{white-space: inherit !important;}
.supportGrid\@white-space-initial{white-space: initial !important;}
.supportGrid\@white-space-normal{white-space: normal !important;}
.supportGrid\@white-space-nowrap{white-space: nowrap !important;}
.supportGrid\@white-space-pre{white-space: pre !important;}
.supportGrid\@white-space-pre-line{white-space: pre-line !important;}
.supportGrid\@white-space-pre-wrap{white-space: pre-wrap !important;}
.supportGrid\@white-space-revert{white-space: revert !important;}
.supportGrid\@white-space-revert-layer{white-space: revert-layer !important;}
.supportGrid\@white-space-unset{white-space: unset !important;}
}